Archive member included to satisfy reference by file (symbol)

c:/program files (x86)/atmel/studio/7.0/toolchain/avr8/avr8-gnu-toolchain/bin/../lib/gcc/avr/5.4.0/../../../../avr/lib/avr5\libm.a(addsf3.o)
                              battery_measurement.o (__subsf3)
c:/program files (x86)/atmel/studio/7.0/toolchain/avr8/avr8-gnu-toolchain/bin/../lib/gcc/avr/5.4.0/../../../../avr/lib/avr5\libm.a(addsf3x.o)
                              c:/program files (x86)/atmel/studio/7.0/toolchain/avr8/avr8-gnu-toolchain/bin/../lib/gcc/avr/5.4.0/../../../../avr/lib/avr5\libm.a(addsf3.o) (__addsf3x)
c:/program files (x86)/atmel/studio/7.0/toolchain/avr8/avr8-gnu-toolchain/bin/../lib/gcc/avr/5.4.0/../../../../avr/lib/avr5\libm.a(cmpsf2.o)
                              MT_least_squares.o (__nesf2)
c:/program files (x86)/atmel/studio/7.0/toolchain/avr8/avr8-gnu-toolchain/bin/../lib/gcc/avr/5.4.0/../../../../avr/lib/avr5\libm.a(divsf3.o)
                              battery_measurement.o (__divsf3)
c:/program files (x86)/atmel/studio/7.0/toolchain/avr8/avr8-gnu-toolchain/bin/../lib/gcc/avr/5.4.0/../../../../avr/lib/avr5\libm.a(divsf3x.o)
                              c:/program files (x86)/atmel/studio/7.0/toolchain/avr8/avr8-gnu-toolchain/bin/../lib/gcc/avr/5.4.0/../../../../avr/lib/avr5\libm.a(divsf3.o) (__divsf3x)
c:/program files (x86)/atmel/studio/7.0/toolchain/avr8/avr8-gnu-toolchain/bin/../lib/gcc/avr/5.4.0/../../../../avr/lib/avr5\libm.a(fixunssfsi.o)
                              lcd_interface.o (__fixunssfsi)
c:/program files (x86)/atmel/studio/7.0/toolchain/avr8/avr8-gnu-toolchain/bin/../lib/gcc/avr/5.4.0/../../../../avr/lib/avr5\libm.a(floatsisf.o)
                              battery_measurement.o (__floatunsisf)
c:/program files (x86)/atmel/studio/7.0/toolchain/avr8/avr8-gnu-toolchain/bin/../lib/gcc/avr/5.4.0/../../../../avr/lib/avr5\libm.a(fp_cmp.o)
                              c:/program files (x86)/atmel/studio/7.0/toolchain/avr8/avr8-gnu-toolchain/bin/../lib/gcc/avr/5.4.0/../../../../avr/lib/avr5\libm.a(cmpsf2.o) (__fp_cmp)
c:/program files (x86)/atmel/studio/7.0/toolchain/avr8/avr8-gnu-toolchain/bin/../lib/gcc/avr/5.4.0/../../../../avr/lib/avr5\libm.a(fp_inf.o)
                              c:/program files (x86)/atmel/studio/7.0/toolchain/avr8/avr8-gnu-toolchain/bin/../lib/gcc/avr/5.4.0/../../../../avr/lib/avr5\libm.a(addsf3x.o) (__fp_inf)
c:/program files (x86)/atmel/studio/7.0/toolchain/avr8/avr8-gnu-toolchain/bin/../lib/gcc/avr/5.4.0/../../../../avr/lib/avr5\libm.a(fp_nan.o)
                              c:/program files (x86)/atmel/studio/7.0/toolchain/avr8/avr8-gnu-toolchain/bin/../lib/gcc/avr/5.4.0/../../../../avr/lib/avr5\libm.a(addsf3x.o) (__fp_nan)
c:/program files (x86)/atmel/studio/7.0/toolchain/avr8/avr8-gnu-toolchain/bin/../lib/gcc/avr/5.4.0/../../../../avr/lib/avr5\libm.a(fp_pscA.o)
                              c:/program files (x86)/atmel/studio/7.0/toolchain/avr8/avr8-gnu-toolchain/bin/../lib/gcc/avr/5.4.0/../../../../avr/lib/avr5\libm.a(addsf3x.o) (__fp_pscA)
c:/program files (x86)/atmel/studio/7.0/toolchain/avr8/avr8-gnu-toolchain/bin/../lib/gcc/avr/5.4.0/../../../../avr/lib/avr5\libm.a(fp_pscB.o)
                              c:/program files (x86)/atmel/studio/7.0/toolchain/avr8/avr8-gnu-toolchain/bin/../lib/gcc/avr/5.4.0/../../../../avr/lib/avr5\libm.a(addsf3x.o) (__fp_pscB)
c:/program files (x86)/atmel/studio/7.0/toolchain/avr8/avr8-gnu-toolchain/bin/../lib/gcc/avr/5.4.0/../../../../avr/lib/avr5\libm.a(fp_round.o)
                              c:/program files (x86)/atmel/studio/7.0/toolchain/avr8/avr8-gnu-toolchain/bin/../lib/gcc/avr/5.4.0/../../../../avr/lib/avr5\libm.a(addsf3.o) (__fp_round)
c:/program files (x86)/atmel/studio/7.0/toolchain/avr8/avr8-gnu-toolchain/bin/../lib/gcc/avr/5.4.0/../../../../avr/lib/avr5\libm.a(fp_split3.o)
                              c:/program files (x86)/atmel/studio/7.0/toolchain/avr8/avr8-gnu-toolchain/bin/../lib/gcc/avr/5.4.0/../../../../avr/lib/avr5\libm.a(addsf3x.o) (__fp_split3)
c:/program files (x86)/atmel/studio/7.0/toolchain/avr8/avr8-gnu-toolchain/bin/../lib/gcc/avr/5.4.0/../../../../avr/lib/avr5\libm.a(fp_zero.o)
                              c:/program files (x86)/atmel/studio/7.0/toolchain/avr8/avr8-gnu-toolchain/bin/../lib/gcc/avr/5.4.0/../../../../avr/lib/avr5\libm.a(addsf3x.o) (__fp_zero)
c:/program files (x86)/atmel/studio/7.0/toolchain/avr8/avr8-gnu-toolchain/bin/../lib/gcc/avr/5.4.0/../../../../avr/lib/avr5\libm.a(gesf2.o)
                              battery_measurement.o (__gtsf2)
c:/program files (x86)/atmel/studio/7.0/toolchain/avr8/avr8-gnu-toolchain/bin/../lib/gcc/avr/5.4.0/../../../../avr/lib/avr5\libm.a(mulsf3.o)
                              battery_measurement.o (__mulsf3)
c:/program files (x86)/atmel/studio/7.0/toolchain/avr8/avr8-gnu-toolchain/bin/../lib/gcc/avr/5.4.0/../../../../avr/lib/avr5\libm.a(mulsf3x.o)
                              c:/program files (x86)/atmel/studio/7.0/toolchain/avr8/avr8-gnu-toolchain/bin/../lib/gcc/avr/5.4.0/../../../../avr/lib/avr5\libm.a(mulsf3.o) (__mulsf3x)
c:/program files (x86)/atmel/studio/7.0/toolchain/avr8/avr8-gnu-toolchain/bin/../lib/gcc/avr/5.4.0/avr5\libgcc.a(_exit.o)
                              C:/Program Files (x86)/Atmel/Studio/7.0/Packs/atmel/ATmega_DFP/1.6.364/gcc/dev/atmega328p/avr5/crtatmega328p.o (exit)
c:/program files (x86)/atmel/studio/7.0/toolchain/avr8/avr8-gnu-toolchain/bin/../lib/gcc/avr/5.4.0/avr5\libgcc.a(_copy_data.o)
                              fio2_sensor.o (__do_copy_data)
c:/program files (x86)/atmel/studio/7.0/toolchain/avr8/avr8-gnu-toolchain/bin/../lib/gcc/avr/5.4.0/avr5\libgcc.a(_clear_bss.o)
                              battery_measurement.o (__do_clear_bss)
c:/program files (x86)/atmel/studio/7.0/toolchain/avr8/avr8-gnu-toolchain/bin/../lib/gcc/avr/5.4.0/avr5\libgcc.a(_umulhisi3.o)
                              lcd_interface.o (__umulhisi3)
C:/Program Files (x86)/Atmel/Studio/7.0/Packs/atmel/ATmega_DFP/1.6.364/gcc/dev/atmega328p/avr5\libatmega328p.a(eerd_byte.o)
                              high_flow_monitor.o (eeprom_read_byte)
C:/Program Files (x86)/Atmel/Studio/7.0/Packs/atmel/ATmega_DFP/1.6.364/gcc/dev/atmega328p/avr5\libatmega328p.a(eerd_dword.o)
                              fio2_sensor.o (eeprom_read_float)
C:/Program Files (x86)/Atmel/Studio/7.0/Packs/atmel/ATmega_DFP/1.6.364/gcc/dev/atmega328p/avr5\libatmega328p.a(eeupd_byte.o)
                              high_flow_monitor.o (eeprom_update_byte)
C:/Program Files (x86)/Atmel/Studio/7.0/Packs/atmel/ATmega_DFP/1.6.364/gcc/dev/atmega328p/avr5\libatmega328p.a(eeupd_dword.o)
                              fio2_sensor.o (eeprom_update_float)
C:/Program Files (x86)/Atmel/Studio/7.0/Packs/atmel/ATmega_DFP/1.6.364/gcc/dev/atmega328p/avr5\libatmega328p.a(eerd_block.o)
                              C:/Program Files (x86)/Atmel/Studio/7.0/Packs/atmel/ATmega_DFP/1.6.364/gcc/dev/atmega328p/avr5\libatmega328p.a(eerd_dword.o) (eeprom_read_blraw)

Allocating common symbols
Common symbol       size              file

calibration_offset  0x4               fio2_sensor_calibration.o
sum_xy              0x4               MT_least_squares.o
x2_sample_vector    0xc8              MT_least_squares.o
sum_x2              0x4               MT_least_squares.o
calibration_samples_x
                    0x80              fio2_sensor_calibration.o
y_sample_vector     0xc8              MT_least_squares.o
sum_y               0x4               MT_least_squares.o
calibration_slope   0x4               fio2_sensor_calibration.o
spi_rx_buffer       0x2               MT_spi_master.o
g1_button_state     0x1               mt_debounce.o
sum_2_x             0x4               MT_least_squares.o
spi_tx_buffer       0x2               MT_spi_master.o
calibration_samples_y
                    0x80              fio2_sensor_calibration.o
g1_button_release   0x1               mt_debounce.o
g1_button_press     0x1               mt_debounce.o
x_sample_vector     0xc8              MT_least_squares.o
g1_button_rpt       0x1               mt_debounce.o
sum_x               0x4               MT_least_squares.o
xy_sample_vector    0xc8              MT_least_squares.o

Discarded input sections

 .data          0x00000000        0x0 C:/Program Files (x86)/Atmel/Studio/7.0/Packs/atmel/ATmega_DFP/1.6.364/gcc/dev/atmega328p/avr5/crtatmega328p.o
 .bss           0x00000000        0x0 C:/Program Files (x86)/Atmel/Studio/7.0/Packs/atmel/ATmega_DFP/1.6.364/gcc/dev/atmega328p/avr5/crtatmega328p.o
 .text          0x00000000        0x0 battery_measurement.o
 .data          0x00000000        0x0 battery_measurement.o
 .bss           0x00000000        0x0 battery_measurement.o
 .text.Get_Battery_Level_Volt
                0x00000000       0x12 battery_measurement.o
 .text          0x00000000        0x0 filters.o
 .data          0x00000000        0x0 filters.o
 .bss           0x00000000        0x0 filters.o
 .text.Apply_Battery_LPF
                0x00000000       0x18 filters.o
 .text.Get_Battery_LPF_Output
                0x00000000       0x12 filters.o
 .bss.battery_lpf_output
                0x00000000        0x4 filters.o
 .text          0x00000000        0x0 fio2_sensor.o
 .data          0x00000000        0x0 fio2_sensor.o
 .bss           0x00000000        0x0 fio2_sensor.o
 .text          0x00000000        0x0 fio2_sensor_calibration.o
 .data          0x00000000        0x0 fio2_sensor_calibration.o
 .bss           0x00000000        0x0 fio2_sensor_calibration.o
 .text          0x00000000        0x0 high_flow_monitor.o
 .data          0x00000000        0x0 high_flow_monitor.o
 .bss           0x00000000        0x0 high_flow_monitor.o
 .bss.button_state
                0x00000000        0x1 high_flow_monitor.o
 .text          0x00000000        0x0 lcd_interface.o
 .data          0x00000000        0x0 lcd_interface.o
 .bss           0x00000000        0x0 lcd_interface.o
 .text.LCD_Backlight_Off
                0x00000000        0x8 lcd_interface.o
 .text          0x00000000        0x0 main.o
 .data          0x00000000        0x0 main.o
 .bss           0x00000000        0x0 main.o
 .text          0x00000000        0x0 MT_adc.o
 .data          0x00000000        0x0 MT_adc.o
 .bss           0x00000000        0x0 MT_adc.o
 .text          0x00000000        0x0 MT_cog_lcd.o
 .data          0x00000000        0x0 MT_cog_lcd.o
 .bss           0x00000000        0x0 MT_cog_lcd.o
 .text          0x00000000        0x0 mt_debounce.o
 .data          0x00000000        0x0 mt_debounce.o
 .bss           0x00000000        0x0 mt_debounce.o
 .text          0x00000000        0x0 MT_least_squares.o
 .data          0x00000000        0x0 MT_least_squares.o
 .bss           0x00000000        0x0 MT_least_squares.o
 .text.Least_Squares_Get_Sum_X
                0x00000000       0x12 MT_least_squares.o
 .text.Least_Squares_Get_Sum_Y
                0x00000000       0x12 MT_least_squares.o
 .text.Least_Squares_Get_Sum_XY
                0x00000000       0x12 MT_least_squares.o
 .text.Least_Squares_Get_Sum_X2
                0x00000000       0x12 MT_least_squares.o
 .text.Least_Squares_Get_Sum_2_X
                0x00000000       0x12 MT_least_squares.o
 .text          0x00000000        0x0 MT_sensirion_sfm3000.o
 .data          0x00000000        0x0 MT_sensirion_sfm3000.o
 .bss           0x00000000        0x0 MT_sensirion_sfm3000.o
 .text.Proximal_Flow_Sensor_Get_Scale_Factor
                0x00000000       0x30 MT_sensirion_sfm3000.o
 .text.Proximal_Flow_Sensor_Get_Offset
                0x00000000       0x30 MT_sensirion_sfm3000.o
 .text          0x00000000        0x0 MT_spi_master.o
 .data          0x00000000        0x0 MT_spi_master.o
 .bss           0x00000000        0x0 MT_spi_master.o
 .text.SPI_Master_Tx_Bitstream
                0x00000000       0x2a MT_spi_master.o
 COMMON         0x00000000        0x4 MT_spi_master.o
 .text          0x00000000        0x0 MT_timer.o
 .data          0x00000000        0x0 MT_timer.o
 .bss           0x00000000        0x0 MT_timer.o
 .text.Timer2_Configurar
                0x00000000       0x80 MT_timer.o
 .text          0x00000000        0x0 twi_master.o
 .data          0x00000000        0x0 twi_master.o
 .bss           0x00000000        0x0 twi_master.o
 .text          0x00000000        0x0 c:/program files (x86)/atmel/studio/7.0/toolchain/avr8/avr8-gnu-toolchain/bin/../lib/gcc/avr/5.4.0/../../../../avr/lib/avr5\libm.a(addsf3.o)
 .data          0x00000000        0x0 c:/program files (x86)/atmel/studio/7.0/toolchain/avr8/avr8-gnu-toolchain/bin/../lib/gcc/avr/5.4.0/../../../../avr/lib/avr5\libm.a(addsf3.o)
 .bss           0x00000000        0x0 c:/program files (x86)/atmel/studio/7.0/toolchain/avr8/avr8-gnu-toolchain/bin/../lib/gcc/avr/5.4.0/../../../../avr/lib/avr5\libm.a(addsf3.o)
 .text          0x00000000        0x0 c:/program files (x86)/atmel/studio/7.0/toolchain/avr8/avr8-gnu-toolchain/bin/../lib/gcc/avr/5.4.0/../../../../avr/lib/avr5\libm.a(addsf3x.o)
 .data          0x00000000        0x0 c:/program files (x86)/atmel/studio/7.0/toolchain/avr8/avr8-gnu-toolchain/bin/../lib/gcc/avr/5.4.0/../../../../avr/lib/avr5\libm.a(addsf3x.o)
 .bss           0x00000000        0x0 c:/program files (x86)/atmel/studio/7.0/toolchain/avr8/avr8-gnu-toolchain/bin/../lib/gcc/avr/5.4.0/../../../../avr/lib/avr5\libm.a(addsf3x.o)
 .text          0x00000000        0x0 c:/program files (x86)/atmel/studio/7.0/toolchain/avr8/avr8-gnu-toolchain/bin/../lib/gcc/avr/5.4.0/../../../../avr/lib/avr5\libm.a(cmpsf2.o)
 .data          0x00000000        0x0 c:/program files (x86)/atmel/studio/7.0/toolchain/avr8/avr8-gnu-toolchain/bin/../lib/gcc/avr/5.4.0/../../../../avr/lib/avr5\libm.a(cmpsf2.o)
 .bss           0x00000000        0x0 c:/program files (x86)/atmel/studio/7.0/toolchain/avr8/avr8-gnu-toolchain/bin/../lib/gcc/avr/5.4.0/../../../../avr/lib/avr5\libm.a(cmpsf2.o)
 .text          0x00000000        0x0 c:/program files (x86)/atmel/studio/7.0/toolchain/avr8/avr8-gnu-toolchain/bin/../lib/gcc/avr/5.4.0/../../../../avr/lib/avr5\libm.a(divsf3.o)
 .data          0x00000000        0x0 c:/program files (x86)/atmel/studio/7.0/toolchain/avr8/avr8-gnu-toolchain/bin/../lib/gcc/avr/5.4.0/../../../../avr/lib/avr5\libm.a(divsf3.o)
 .bss           0x00000000        0x0 c:/program files (x86)/atmel/studio/7.0/toolchain/avr8/avr8-gnu-toolchain/bin/../lib/gcc/avr/5.4.0/../../../../avr/lib/avr5\libm.a(divsf3.o)
 .text          0x00000000        0x0 c:/program files (x86)/atmel/studio/7.0/toolchain/avr8/avr8-gnu-toolchain/bin/../lib/gcc/avr/5.4.0/../../../../avr/lib/avr5\libm.a(divsf3x.o)
 .data          0x00000000        0x0 c:/program files (x86)/atmel/studio/7.0/toolchain/avr8/avr8-gnu-toolchain/bin/../lib/gcc/avr/5.4.0/../../../../avr/lib/avr5\libm.a(divsf3x.o)
 .bss           0x00000000        0x0 c:/program files (x86)/atmel/studio/7.0/toolchain/avr8/avr8-gnu-toolchain/bin/../lib/gcc/avr/5.4.0/../../../../avr/lib/avr5\libm.a(divsf3x.o)
 .text          0x00000000        0x0 c:/program files (x86)/atmel/studio/7.0/toolchain/avr8/avr8-gnu-toolchain/bin/../lib/gcc/avr/5.4.0/../../../../avr/lib/avr5\libm.a(fixunssfsi.o)
 .data          0x00000000        0x0 c:/program files (x86)/atmel/studio/7.0/toolchain/avr8/avr8-gnu-toolchain/bin/../lib/gcc/avr/5.4.0/../../../../avr/lib/avr5\libm.a(fixunssfsi.o)
 .bss           0x00000000        0x0 c:/program files (x86)/atmel/studio/7.0/toolchain/avr8/avr8-gnu-toolchain/bin/../lib/gcc/avr/5.4.0/../../../../avr/lib/avr5\libm.a(fixunssfsi.o)
 .text          0x00000000        0x0 c:/program files (x86)/atmel/studio/7.0/toolchain/avr8/avr8-gnu-toolchain/bin/../lib/gcc/avr/5.4.0/../../../../avr/lib/avr5\libm.a(floatsisf.o)
 .data          0x00000000        0x0 c:/program files (x86)/atmel/studio/7.0/toolchain/avr8/avr8-gnu-toolchain/bin/../lib/gcc/avr/5.4.0/../../../../avr/lib/avr5\libm.a(floatsisf.o)
 .bss           0x00000000        0x0 c:/program files (x86)/atmel/studio/7.0/toolchain/avr8/avr8-gnu-toolchain/bin/../lib/gcc/avr/5.4.0/../../../../avr/lib/avr5\libm.a(floatsisf.o)
 .text          0x00000000        0x0 c:/program files (x86)/atmel/studio/7.0/toolchain/avr8/avr8-gnu-toolchain/bin/../lib/gcc/avr/5.4.0/../../../../avr/lib/avr5\libm.a(fp_cmp.o)
 .data          0x00000000        0x0 c:/program files (x86)/atmel/studio/7.0/toolchain/avr8/avr8-gnu-toolchain/bin/../lib/gcc/avr/5.4.0/../../../../avr/lib/avr5\libm.a(fp_cmp.o)
 .bss           0x00000000        0x0 c:/program files (x86)/atmel/studio/7.0/toolchain/avr8/avr8-gnu-toolchain/bin/../lib/gcc/avr/5.4.0/../../../../avr/lib/avr5\libm.a(fp_cmp.o)
 .text          0x00000000        0x0 c:/program files (x86)/atmel/studio/7.0/toolchain/avr8/avr8-gnu-toolchain/bin/../lib/gcc/avr/5.4.0/../../../../avr/lib/avr5\libm.a(fp_inf.o)
 .data          0x00000000        0x0 c:/program files (x86)/atmel/studio/7.0/toolchain/avr8/avr8-gnu-toolchain/bin/../lib/gcc/avr/5.4.0/../../../../avr/lib/avr5\libm.a(fp_inf.o)
 .bss           0x00000000        0x0 c:/program files (x86)/atmel/studio/7.0/toolchain/avr8/avr8-gnu-toolchain/bin/../lib/gcc/avr/5.4.0/../../../../avr/lib/avr5\libm.a(fp_inf.o)
 .text          0x00000000        0x0 c:/program files (x86)/atmel/studio/7.0/toolchain/avr8/avr8-gnu-toolchain/bin/../lib/gcc/avr/5.4.0/../../../../avr/lib/avr5\libm.a(fp_nan.o)
 .data          0x00000000        0x0 c:/program files (x86)/atmel/studio/7.0/toolchain/avr8/avr8-gnu-toolchain/bin/../lib/gcc/avr/5.4.0/../../../../avr/lib/avr5\libm.a(fp_nan.o)
 .bss           0x00000000        0x0 c:/program files (x86)/atmel/studio/7.0/toolchain/avr8/avr8-gnu-toolchain/bin/../lib/gcc/avr/5.4.0/../../../../avr/lib/avr5\libm.a(fp_nan.o)
 .text          0x00000000        0x0 c:/program files (x86)/atmel/studio/7.0/toolchain/avr8/avr8-gnu-toolchain/bin/../lib/gcc/avr/5.4.0/../../../../avr/lib/avr5\libm.a(fp_pscA.o)
 .data          0x00000000        0x0 c:/program files (x86)/atmel/studio/7.0/toolchain/avr8/avr8-gnu-toolchain/bin/../lib/gcc/avr/5.4.0/../../../../avr/lib/avr5\libm.a(fp_pscA.o)
 .bss           0x00000000        0x0 c:/program files (x86)/atmel/studio/7.0/toolchain/avr8/avr8-gnu-toolchain/bin/../lib/gcc/avr/5.4.0/../../../../avr/lib/avr5\libm.a(fp_pscA.o)
 .text          0x00000000        0x0 c:/program files (x86)/atmel/studio/7.0/toolchain/avr8/avr8-gnu-toolchain/bin/../lib/gcc/avr/5.4.0/../../../../avr/lib/avr5\libm.a(fp_pscB.o)
 .data          0x00000000        0x0 c:/program files (x86)/atmel/studio/7.0/toolchain/avr8/avr8-gnu-toolchain/bin/../lib/gcc/avr/5.4.0/../../../../avr/lib/avr5\libm.a(fp_pscB.o)
 .bss           0x00000000        0x0 c:/program files (x86)/atmel/studio/7.0/toolchain/avr8/avr8-gnu-toolchain/bin/../lib/gcc/avr/5.4.0/../../../../avr/lib/avr5\libm.a(fp_pscB.o)
 .text          0x00000000        0x0 c:/program files (x86)/atmel/studio/7.0/toolchain/avr8/avr8-gnu-toolchain/bin/../lib/gcc/avr/5.4.0/../../../../avr/lib/avr5\libm.a(fp_round.o)
 .data          0x00000000        0x0 c:/program files (x86)/atmel/studio/7.0/toolchain/avr8/avr8-gnu-toolchain/bin/../lib/gcc/avr/5.4.0/../../../../avr/lib/avr5\libm.a(fp_round.o)
 .bss           0x00000000        0x0 c:/program files (x86)/atmel/studio/7.0/toolchain/avr8/avr8-gnu-toolchain/bin/../lib/gcc/avr/5.4.0/../../../../avr/lib/avr5\libm.a(fp_round.o)
 .text          0x00000000        0x0 c:/program files (x86)/atmel/studio/7.0/toolchain/avr8/avr8-gnu-toolchain/bin/../lib/gcc/avr/5.4.0/../../../../avr/lib/avr5\libm.a(fp_split3.o)
 .data          0x00000000        0x0 c:/program files (x86)/atmel/studio/7.0/toolchain/avr8/avr8-gnu-toolchain/bin/../lib/gcc/avr/5.4.0/../../../../avr/lib/avr5\libm.a(fp_split3.o)
 .bss           0x00000000        0x0 c:/program files (x86)/atmel/studio/7.0/toolchain/avr8/avr8-gnu-toolchain/bin/../lib/gcc/avr/5.4.0/../../../../avr/lib/avr5\libm.a(fp_split3.o)
 .text          0x00000000        0x0 c:/program files (x86)/atmel/studio/7.0/toolchain/avr8/avr8-gnu-toolchain/bin/../lib/gcc/avr/5.4.0/../../../../avr/lib/avr5\libm.a(fp_zero.o)
 .data          0x00000000        0x0 c:/program files (x86)/atmel/studio/7.0/toolchain/avr8/avr8-gnu-toolchain/bin/../lib/gcc/avr/5.4.0/../../../../avr/lib/avr5\libm.a(fp_zero.o)
 .bss           0x00000000        0x0 c:/program files (x86)/atmel/studio/7.0/toolchain/avr8/avr8-gnu-toolchain/bin/../lib/gcc/avr/5.4.0/../../../../avr/lib/avr5\libm.a(fp_zero.o)
 .text          0x00000000        0x0 c:/program files (x86)/atmel/studio/7.0/toolchain/avr8/avr8-gnu-toolchain/bin/../lib/gcc/avr/5.4.0/../../../../avr/lib/avr5\libm.a(gesf2.o)
 .data          0x00000000        0x0 c:/program files (x86)/atmel/studio/7.0/toolchain/avr8/avr8-gnu-toolchain/bin/../lib/gcc/avr/5.4.0/../../../../avr/lib/avr5\libm.a(gesf2.o)
 .bss           0x00000000        0x0 c:/program files (x86)/atmel/studio/7.0/toolchain/avr8/avr8-gnu-toolchain/bin/../lib/gcc/avr/5.4.0/../../../../avr/lib/avr5\libm.a(gesf2.o)
 .text          0x00000000        0x0 c:/program files (x86)/atmel/studio/7.0/toolchain/avr8/avr8-gnu-toolchain/bin/../lib/gcc/avr/5.4.0/../../../../avr/lib/avr5\libm.a(mulsf3.o)
 .data          0x00000000        0x0 c:/program files (x86)/atmel/studio/7.0/toolchain/avr8/avr8-gnu-toolchain/bin/../lib/gcc/avr/5.4.0/../../../../avr/lib/avr5\libm.a(mulsf3.o)
 .bss           0x00000000        0x0 c:/program files (x86)/atmel/studio/7.0/toolchain/avr8/avr8-gnu-toolchain/bin/../lib/gcc/avr/5.4.0/../../../../avr/lib/avr5\libm.a(mulsf3.o)
 .text          0x00000000        0x0 c:/program files (x86)/atmel/studio/7.0/toolchain/avr8/avr8-gnu-toolchain/bin/../lib/gcc/avr/5.4.0/../../../../avr/lib/avr5\libm.a(mulsf3x.o)
 .data          0x00000000        0x0 c:/program files (x86)/atmel/studio/7.0/toolchain/avr8/avr8-gnu-toolchain/bin/../lib/gcc/avr/5.4.0/../../../../avr/lib/avr5\libm.a(mulsf3x.o)
 .bss           0x00000000        0x0 c:/program files (x86)/atmel/studio/7.0/toolchain/avr8/avr8-gnu-toolchain/bin/../lib/gcc/avr/5.4.0/../../../../avr/lib/avr5\libm.a(mulsf3x.o)
 .text          0x00000000        0x0 c:/program files (x86)/atmel/studio/7.0/toolchain/avr8/avr8-gnu-toolchain/bin/../lib/gcc/avr/5.4.0/avr5\libgcc.a(_exit.o)
 .data          0x00000000        0x0 c:/program files (x86)/atmel/studio/7.0/toolchain/avr8/avr8-gnu-toolchain/bin/../lib/gcc/avr/5.4.0/avr5\libgcc.a(_exit.o)
 .bss           0x00000000        0x0 c:/program files (x86)/atmel/studio/7.0/toolchain/avr8/avr8-gnu-toolchain/bin/../lib/gcc/avr/5.4.0/avr5\libgcc.a(_exit.o)
 .text.libgcc.mul
                0x00000000        0x0 c:/program files (x86)/atmel/studio/7.0/toolchain/avr8/avr8-gnu-toolchain/bin/../lib/gcc/avr/5.4.0/avr5\libgcc.a(_exit.o)
 .text.libgcc.div
                0x00000000        0x0 c:/program files (x86)/atmel/studio/7.0/toolchain/avr8/avr8-gnu-toolchain/bin/../lib/gcc/avr/5.4.0/avr5\libgcc.a(_exit.o)
 .text.libgcc   0x00000000        0x0 c:/program files (x86)/atmel/studio/7.0/toolchain/avr8/avr8-gnu-toolchain/bin/../lib/gcc/avr/5.4.0/avr5\libgcc.a(_exit.o)
 .text.libgcc.prologue
                0x00000000        0x0 c:/program files (x86)/atmel/studio/7.0/toolchain/avr8/avr8-gnu-toolchain/bin/../lib/gcc/avr/5.4.0/avr5\libgcc.a(_exit.o)
 .text.libgcc.builtins
                0x00000000        0x0 c:/program files (x86)/atmel/studio/7.0/toolchain/avr8/avr8-gnu-toolchain/bin/../lib/gcc/avr/5.4.0/avr5\libgcc.a(_exit.o)
 .text.libgcc.fmul
                0x00000000        0x0 c:/program files (x86)/atmel/studio/7.0/toolchain/avr8/avr8-gnu-toolchain/bin/../lib/gcc/avr/5.4.0/avr5\libgcc.a(_exit.o)
 .text.libgcc.fixed
                0x00000000        0x0 c:/program files (x86)/atmel/studio/7.0/toolchain/avr8/avr8-gnu-toolchain/bin/../lib/gcc/avr/5.4.0/avr5\libgcc.a(_exit.o)
 .text          0x00000000        0x0 c:/program files (x86)/atmel/studio/7.0/toolchain/avr8/avr8-gnu-toolchain/bin/../lib/gcc/avr/5.4.0/avr5\libgcc.a(_copy_data.o)
 .data          0x00000000        0x0 c:/program files (x86)/atmel/studio/7.0/toolchain/avr8/avr8-gnu-toolchain/bin/../lib/gcc/avr/5.4.0/avr5\libgcc.a(_copy_data.o)
 .bss           0x00000000        0x0 c:/program files (x86)/atmel/studio/7.0/toolchain/avr8/avr8-gnu-toolchain/bin/../lib/gcc/avr/5.4.0/avr5\libgcc.a(_copy_data.o)
 .text.libgcc.mul
                0x00000000        0x0 c:/program files (x86)/atmel/studio/7.0/toolchain/avr8/avr8-gnu-toolchain/bin/../lib/gcc/avr/5.4.0/avr5\libgcc.a(_copy_data.o)
 .text.libgcc.div
                0x00000000        0x0 c:/program files (x86)/atmel/studio/7.0/toolchain/avr8/avr8-gnu-toolchain/bin/../lib/gcc/avr/5.4.0/avr5\libgcc.a(_copy_data.o)
 .text.libgcc   0x00000000        0x0 c:/program files (x86)/atmel/studio/7.0/toolchain/avr8/avr8-gnu-toolchain/bin/../lib/gcc/avr/5.4.0/avr5\libgcc.a(_copy_data.o)
 .text.libgcc.prologue
                0x00000000        0x0 c:/program files (x86)/atmel/studio/7.0/toolchain/avr8/avr8-gnu-toolchain/bin/../lib/gcc/avr/5.4.0/avr5\libgcc.a(_copy_data.o)
 .text.libgcc.builtins
                0x00000000        0x0 c:/program files (x86)/atmel/studio/7.0/toolchain/avr8/avr8-gnu-toolchain/bin/../lib/gcc/avr/5.4.0/avr5\libgcc.a(_copy_data.o)
 .text.libgcc.fmul
                0x00000000        0x0 c:/program files (x86)/atmel/studio/7.0/toolchain/avr8/avr8-gnu-toolchain/bin/../lib/gcc/avr/5.4.0/avr5\libgcc.a(_copy_data.o)
 .text.libgcc.fixed
                0x00000000        0x0 c:/program files (x86)/atmel/studio/7.0/toolchain/avr8/avr8-gnu-toolchain/bin/../lib/gcc/avr/5.4.0/avr5\libgcc.a(_copy_data.o)
 .text          0x00000000        0x0 c:/program files (x86)/atmel/studio/7.0/toolchain/avr8/avr8-gnu-toolchain/bin/../lib/gcc/avr/5.4.0/avr5\libgcc.a(_clear_bss.o)
 .data          0x00000000        0x0 c:/program files (x86)/atmel/studio/7.0/toolchain/avr8/avr8-gnu-toolchain/bin/../lib/gcc/avr/5.4.0/avr5\libgcc.a(_clear_bss.o)
 .bss           0x00000000        0x0 c:/program files (x86)/atmel/studio/7.0/toolchain/avr8/avr8-gnu-toolchain/bin/../lib/gcc/avr/5.4.0/avr5\libgcc.a(_clear_bss.o)
 .text.libgcc.mul
                0x00000000        0x0 c:/program files (x86)/atmel/studio/7.0/toolchain/avr8/avr8-gnu-toolchain/bin/../lib/gcc/avr/5.4.0/avr5\libgcc.a(_clear_bss.o)
 .text.libgcc.div
                0x00000000        0x0 c:/program files (x86)/atmel/studio/7.0/toolchain/avr8/avr8-gnu-toolchain/bin/../lib/gcc/avr/5.4.0/avr5\libgcc.a(_clear_bss.o)
 .text.libgcc   0x00000000        0x0 c:/program files (x86)/atmel/studio/7.0/toolchain/avr8/avr8-gnu-toolchain/bin/../lib/gcc/avr/5.4.0/avr5\libgcc.a(_clear_bss.o)
 .text.libgcc.prologue
                0x00000000        0x0 c:/program files (x86)/atmel/studio/7.0/toolchain/avr8/avr8-gnu-toolchain/bin/../lib/gcc/avr/5.4.0/avr5\libgcc.a(_clear_bss.o)
 .text.libgcc.builtins
                0x00000000        0x0 c:/program files (x86)/atmel/studio/7.0/toolchain/avr8/avr8-gnu-toolchain/bin/../lib/gcc/avr/5.4.0/avr5\libgcc.a(_clear_bss.o)
 .text.libgcc.fmul
                0x00000000        0x0 c:/program files (x86)/atmel/studio/7.0/toolchain/avr8/avr8-gnu-toolchain/bin/../lib/gcc/avr/5.4.0/avr5\libgcc.a(_clear_bss.o)
 .text.libgcc.fixed
                0x00000000        0x0 c:/program files (x86)/atmel/studio/7.0/toolchain/avr8/avr8-gnu-toolchain/bin/../lib/gcc/avr/5.4.0/avr5\libgcc.a(_clear_bss.o)
 .text          0x00000000        0x0 c:/program files (x86)/atmel/studio/7.0/toolchain/avr8/avr8-gnu-toolchain/bin/../lib/gcc/avr/5.4.0/avr5\libgcc.a(_umulhisi3.o)
 .data          0x00000000        0x0 c:/program files (x86)/atmel/studio/7.0/toolchain/avr8/avr8-gnu-toolchain/bin/../lib/gcc/avr/5.4.0/avr5\libgcc.a(_umulhisi3.o)
 .bss           0x00000000        0x0 c:/program files (x86)/atmel/studio/7.0/toolchain/avr8/avr8-gnu-toolchain/bin/../lib/gcc/avr/5.4.0/avr5\libgcc.a(_umulhisi3.o)
 .text.libgcc.div
                0x00000000        0x0 c:/program files (x86)/atmel/studio/7.0/toolchain/avr8/avr8-gnu-toolchain/bin/../lib/gcc/avr/5.4.0/avr5\libgcc.a(_umulhisi3.o)
 .text.libgcc   0x00000000        0x0 c:/program files (x86)/atmel/studio/7.0/toolchain/avr8/avr8-gnu-toolchain/bin/../lib/gcc/avr/5.4.0/avr5\libgcc.a(_umulhisi3.o)
 .text.libgcc.prologue
                0x00000000        0x0 c:/program files (x86)/atmel/studio/7.0/toolchain/avr8/avr8-gnu-toolchain/bin/../lib/gcc/avr/5.4.0/avr5\libgcc.a(_umulhisi3.o)
 .text.libgcc.builtins
                0x00000000        0x0 c:/program files (x86)/atmel/studio/7.0/toolchain/avr8/avr8-gnu-toolchain/bin/../lib/gcc/avr/5.4.0/avr5\libgcc.a(_umulhisi3.o)
 .text.libgcc.fmul
                0x00000000        0x0 c:/program files (x86)/atmel/studio/7.0/toolchain/avr8/avr8-gnu-toolchain/bin/../lib/gcc/avr/5.4.0/avr5\libgcc.a(_umulhisi3.o)
 .text.libgcc.fixed
                0x00000000        0x0 c:/program files (x86)/atmel/studio/7.0/toolchain/avr8/avr8-gnu-toolchain/bin/../lib/gcc/avr/5.4.0/avr5\libgcc.a(_umulhisi3.o)
 .text          0x00000000        0x0 C:/Program Files (x86)/Atmel/Studio/7.0/Packs/atmel/ATmega_DFP/1.6.364/gcc/dev/atmega328p/avr5\libatmega328p.a(eerd_byte.o)
 .data          0x00000000        0x0 C:/Program Files (x86)/Atmel/Studio/7.0/Packs/atmel/ATmega_DFP/1.6.364/gcc/dev/atmega328p/avr5\libatmega328p.a(eerd_byte.o)
 .bss           0x00000000        0x0 C:/Program Files (x86)/Atmel/Studio/7.0/Packs/atmel/ATmega_DFP/1.6.364/gcc/dev/atmega328p/avr5\libatmega328p.a(eerd_byte.o)
 .text          0x00000000        0x0 C:/Program Files (x86)/Atmel/Studio/7.0/Packs/atmel/ATmega_DFP/1.6.364/gcc/dev/atmega328p/avr5\libatmega328p.a(eerd_dword.o)
 .data          0x00000000        0x0 C:/Program Files (x86)/Atmel/Studio/7.0/Packs/atmel/ATmega_DFP/1.6.364/gcc/dev/atmega328p/avr5\libatmega328p.a(eerd_dword.o)
 .bss           0x00000000        0x0 C:/Program Files (x86)/Atmel/Studio/7.0/Packs/atmel/ATmega_DFP/1.6.364/gcc/dev/atmega328p/avr5\libatmega328p.a(eerd_dword.o)
 .text          0x00000000        0x0 C:/Program Files (x86)/Atmel/Studio/7.0/Packs/atmel/ATmega_DFP/1.6.364/gcc/dev/atmega328p/avr5\libatmega328p.a(eeupd_byte.o)
 .data          0x00000000        0x0 C:/Program Files (x86)/Atmel/Studio/7.0/Packs/atmel/ATmega_DFP/1.6.364/gcc/dev/atmega328p/avr5\libatmega328p.a(eeupd_byte.o)
 .bss           0x00000000        0x0 C:/Program Files (x86)/Atmel/Studio/7.0/Packs/atmel/ATmega_DFP/1.6.364/gcc/dev/atmega328p/avr5\libatmega328p.a(eeupd_byte.o)
 .text          0x00000000        0x0 C:/Program Files (x86)/Atmel/Studio/7.0/Packs/atmel/ATmega_DFP/1.6.364/gcc/dev/atmega328p/avr5\libatmega328p.a(eeupd_dword.o)
 .data          0x00000000        0x0 C:/Program Files (x86)/Atmel/Studio/7.0/Packs/atmel/ATmega_DFP/1.6.364/gcc/dev/atmega328p/avr5\libatmega328p.a(eeupd_dword.o)
 .bss           0x00000000        0x0 C:/Program Files (x86)/Atmel/Studio/7.0/Packs/atmel/ATmega_DFP/1.6.364/gcc/dev/atmega328p/avr5\libatmega328p.a(eeupd_dword.o)
 .text          0x00000000        0x0 C:/Program Files (x86)/Atmel/Studio/7.0/Packs/atmel/ATmega_DFP/1.6.364/gcc/dev/atmega328p/avr5\libatmega328p.a(eerd_block.o)
 .data          0x00000000        0x0 C:/Program Files (x86)/Atmel/Studio/7.0/Packs/atmel/ATmega_DFP/1.6.364/gcc/dev/atmega328p/avr5\libatmega328p.a(eerd_block.o)
 .bss           0x00000000        0x0 C:/Program Files (x86)/Atmel/Studio/7.0/Packs/atmel/ATmega_DFP/1.6.364/gcc/dev/atmega328p/avr5\libatmega328p.a(eerd_block.o)

Memory Configuration

Name             Origin             Length             Attributes
text             0x00000000         0x00008000         xr
data             0x00800100         0x00000800         rw !x
eeprom           0x00810000         0x00000400         rw !x
fuse             0x00820000         0x00000003         rw !x
lock             0x00830000         0x00000400         rw !x
signature        0x00840000         0x00000400         rw !x
user_signatures  0x00850000         0x00000400         rw !x
*default*        0x00000000         0xffffffff

Linker script and memory map

Address of section .data set to 0x800100
LOAD C:/Program Files (x86)/Atmel/Studio/7.0/Packs/atmel/ATmega_DFP/1.6.364/gcc/dev/atmega328p/avr5/crtatmega328p.o
LOAD battery_measurement.o
LOAD filters.o
LOAD fio2_sensor.o
LOAD fio2_sensor_calibration.o
LOAD high_flow_monitor.o
LOAD lcd_interface.o
LOAD main.o
LOAD MT_adc.o
LOAD MT_cog_lcd.o
LOAD mt_debounce.o
LOAD MT_least_squares.o
LOAD MT_sensirion_sfm3000.o
LOAD MT_spi_master.o
LOAD MT_timer.o
LOAD twi_master.o
START GROUP
LOAD c:/program files (x86)/atmel/studio/7.0/toolchain/avr8/avr8-gnu-toolchain/bin/../lib/gcc/avr/5.4.0/../../../../avr/lib/avr5\libm.a
END GROUP
START GROUP
LOAD c:/program files (x86)/atmel/studio/7.0/toolchain/avr8/avr8-gnu-toolchain/bin/../lib/gcc/avr/5.4.0/avr5\libgcc.a
LOAD c:/program files (x86)/atmel/studio/7.0/toolchain/avr8/avr8-gnu-toolchain/bin/../lib/gcc/avr/5.4.0/../../../../avr/lib/avr5\libm.a
LOAD c:/program files (x86)/atmel/studio/7.0/toolchain/avr8/avr8-gnu-toolchain/bin/../lib/gcc/avr/5.4.0/../../../../avr/lib/avr5\libc.a
LOAD C:/Program Files (x86)/Atmel/Studio/7.0/Packs/atmel/ATmega_DFP/1.6.364/gcc/dev/atmega328p/avr5\libatmega328p.a
END GROUP
                0x00000000                __TEXT_REGION_ORIGIN__ = DEFINED (__TEXT_REGION_ORIGIN__)?__TEXT_REGION_ORIGIN__:0x0
                [0x00800100]                __DATA_REGION_ORIGIN__ = DEFINED (__DATA_REGION_ORIGIN__)?__DATA_REGION_ORIGIN__:0x800060
                [0x00008000]                __TEXT_REGION_LENGTH__ = DEFINED (__TEXT_REGION_LENGTH__)?__TEXT_REGION_LENGTH__:0x20000
                [0x00000800]                __DATA_REGION_LENGTH__ = DEFINED (__DATA_REGION_LENGTH__)?__DATA_REGION_LENGTH__:0xffa0
                [0x00000400]                __EEPROM_REGION_LENGTH__ = DEFINED (__EEPROM_REGION_LENGTH__)?__EEPROM_REGION_LENGTH__:0x10000
                [0x00000003]                __FUSE_REGION_LENGTH__ = DEFINED (__FUSE_REGION_LENGTH__)?__FUSE_REGION_LENGTH__:0x400
                0x00000400                __LOCK_REGION_LENGTH__ = DEFINED (__LOCK_REGION_LENGTH__)?__LOCK_REGION_LENGTH__:0x400
                0x00000400                __SIGNATURE_REGION_LENGTH__ = DEFINED (__SIGNATURE_REGION_LENGTH__)?__SIGNATURE_REGION_LENGTH__:0x400
                0x00000400                __USER_SIGNATURE_REGION_LENGTH__ = DEFINED (__USER_SIGNATURE_REGION_LENGTH__)?__USER_SIGNATURE_REGION_LENGTH__:0x400

.hash
 *(.hash)

.dynsym
 *(.dynsym)

.dynstr
 *(.dynstr)

.gnu.version
 *(.gnu.version)

.gnu.version_d
 *(.gnu.version_d)

.gnu.version_r
 *(.gnu.version_r)

.rel.init
 *(.rel.init)

.rela.init
 *(.rela.init)

.rel.text
 *(.rel.text)
 *(.rel.text.*)
 *(.rel.gnu.linkonce.t*)

.rela.text
 *(.rela.text)
 *(.rela.text.*)
 *(.rela.gnu.linkonce.t*)

.rel.fini
 *(.rel.fini)

.rela.fini
 *(.rela.fini)

.rel.rodata
 *(.rel.rodata)
 *(.rel.rodata.*)
 *(.rel.gnu.linkonce.r*)

.rela.rodata
 *(.rela.rodata)
 *(.rela.rodata.*)
 *(.rela.gnu.linkonce.r*)

.rel.data
 *(.rel.data)
 *(.rel.data.*)
 *(.rel.gnu.linkonce.d*)

.rela.data
 *(.rela.data)
 *(.rela.data.*)
 *(.rela.gnu.linkonce.d*)

.rel.ctors
 *(.rel.ctors)

.rela.ctors
 *(.rela.ctors)

.rel.dtors
 *(.rel.dtors)

.rela.dtors
 *(.rela.dtors)

.rel.got
 *(.rel.got)

.rela.got
 *(.rela.got)

.rel.bss
 *(.rel.bss)

.rela.bss
 *(.rela.bss)

.rel.plt
 *(.rel.plt)

.rela.plt
 *(.rela.plt)

.text           0x00000000     0x2cb2
 *(.vectors)
 .vectors       0x00000000       0x68 C:/Program Files (x86)/Atmel/Studio/7.0/Packs/atmel/ATmega_DFP/1.6.364/gcc/dev/atmega328p/avr5/crtatmega328p.o
                0x00000000                __vector_default
                0x00000000                __vectors
 *(.vectors)
 *(.progmem.gcc*)
                0x00000068                . = ALIGN (0x2)
                0x00000068                __trampolines_start = .
 *(.trampolines)
 .trampolines   0x00000068        0x0 linker stubs
 *(.trampolines*)
                0x00000068                __trampolines_end = .
 *libprintf_flt.a:*(.progmem.data)
 *libc.a:*(.progmem.data)
 *(.progmem*)
                0x00000068                . = ALIGN (0x2)
 *(.jumptables)
 *(.jumptables*)
 *(.lowtext)
 *(.lowtext*)
                0x00000068                __ctors_start = .
 *(.ctors)
                0x00000068                __ctors_end = .
                0x00000068                __dtors_start = .
 *(.dtors)
                0x00000068                __dtors_end = .
 SORT(*)(.ctors)
 SORT(*)(.dtors)
 *(.init0)
 .init0         0x00000068        0x0 C:/Program Files (x86)/Atmel/Studio/7.0/Packs/atmel/ATmega_DFP/1.6.364/gcc/dev/atmega328p/avr5/crtatmega328p.o
                0x00000068                __init
 *(.init0)
 *(.init1)
 *(.init1)
 *(.init2)
 .init2         0x00000068        0xc C:/Program Files (x86)/Atmel/Studio/7.0/Packs/atmel/ATmega_DFP/1.6.364/gcc/dev/atmega328p/avr5/crtatmega328p.o
 *(.init2)
 *(.init3)
 *(.init3)
 *(.init4)
 .init4         0x00000074       0x16 c:/program files (x86)/atmel/studio/7.0/toolchain/avr8/avr8-gnu-toolchain/bin/../lib/gcc/avr/5.4.0/avr5\libgcc.a(_copy_data.o)
                0x00000074                __do_copy_data
 .init4         0x0000008a       0x10 c:/program files (x86)/atmel/studio/7.0/toolchain/avr8/avr8-gnu-toolchain/bin/../lib/gcc/avr/5.4.0/avr5\libgcc.a(_clear_bss.o)
                0x0000008a                __do_clear_bss
 *(.init4)
 *(.init5)
 *(.init5)
 *(.init6)
 *(.init6)
 *(.init7)
 *(.init7)
 *(.init8)
 *(.init8)
 *(.init9)
 .init9         0x0000009a        0x8 C:/Program Files (x86)/Atmel/Studio/7.0/Packs/atmel/ATmega_DFP/1.6.364/gcc/dev/atmega328p/avr5/crtatmega328p.o
 *(.init9)
 *(.text)
 .text          0x000000a2        0x4 C:/Program Files (x86)/Atmel/Studio/7.0/Packs/atmel/ATmega_DFP/1.6.364/gcc/dev/atmega328p/avr5/crtatmega328p.o
                0x000000a2                __vector_22
                0x000000a2                __vector_1
                0x000000a2                __vector_24
                0x000000a2                __vector_12
                0x000000a2                __bad_interrupt
                0x000000a2                __vector_6
                0x000000a2                __vector_3
                0x000000a2                __vector_23
                0x000000a2                __vector_25
                0x000000a2                __vector_11
                0x000000a2                __vector_13
                0x000000a2                __vector_17
                0x000000a2                __vector_19
                0x000000a2                __vector_7
                0x000000a2                __vector_5
                0x000000a2                __vector_4
                0x000000a2                __vector_9
                0x000000a2                __vector_2
                0x000000a2                __vector_21
                0x000000a2                __vector_15
                0x000000a2                __vector_8
                0x000000a2                __vector_10
                0x000000a2                __vector_16
                0x000000a2                __vector_18
                0x000000a2                __vector_20
                0x000000a6                . = ALIGN (0x2)
 *(.text.*)
 .text.Battery_Level_Read
                0x000000a6      0x182 battery_measurement.o
                0x000000a6                Battery_Level_Read
 .text.Get_Battery_Level_Percent
                0x00000228       0x12 battery_measurement.o
                0x00000228                Get_Battery_Level_Percent
 .text.Proximal_Flow_RC_LPF
                0x0000023a       0x76 filters.o
                0x0000023a                Proximal_Flow_RC_LPF
 .text.FiO2_RC_LPF
                0x000002b0       0x76 filters.o
                0x000002b0                FiO2_RC_LPF
 .text.Battery_RC_LPF
                0x00000326       0x76 filters.o
                0x00000326                Battery_RC_LPF
 .text.Filters_Initialize
                0x0000039c       0x26 filters.o
                0x0000039c                Filters_Initialize
 .text.Apply_Flow_LPF
                0x000003c2       0x18 filters.o
                0x000003c2                Apply_Flow_LPF
 .text.Apply_FiO2_LPF
                0x000003da       0x18 filters.o
                0x000003da                Apply_FiO2_LPF
 .text.Get_Flow_LPF_Output
                0x000003f2       0x12 filters.o
                0x000003f2                Get_Flow_LPF_Output
 .text.Get_FiO2_LPF_Output
                0x00000404       0x12 filters.o
                0x00000404                Get_FiO2_LPF_Output
 .text.FiO2_Sensor_Read
                0x00000416      0x1a0 fio2_sensor.o
                0x00000416                FiO2_Sensor_Read
 .text.Get_FiO2_Value
                0x000005b6       0x12 fio2_sensor.o
                0x000005b6                Get_FiO2_Value
 .text.Save_FiO2_Calib_Line_Slope_In_EEPROM
                0x000005c8       0x12 fio2_sensor.o
                0x000005c8                Save_FiO2_Calib_Line_Slope_In_EEPROM
 .text.Save_FiO2_Calib_Line_Offset_In_EEPROM
                0x000005da       0x12 fio2_sensor.o
                0x000005da                Save_FiO2_Calib_Line_Offset_In_EEPROM
 .text.Load_FiO2_Calib_Line_Slope_From_EEPROM
                0x000005ec       0x1e fio2_sensor.o
                0x000005ec                Load_FiO2_Calib_Line_Slope_From_EEPROM
 .text.Load_FiO2_Calib_Line_Offset_From_EEPROM
                0x0000060a       0x1e fio2_sensor.o
                0x0000060a                Load_FiO2_Calib_Line_Offset_From_EEPROM
 .text.Calibration_Sample_Reference_Point
                0x00000628      0x196 fio2_sensor_calibration.o
                0x00000628                Calibration_Sample_Reference_Point
 .text.Calibration_Sampling_Sequence
                0x000007be       0xc2 fio2_sensor_calibration.o
                0x000007be                Calibration_Sampling_Sequence
 .text.Calibration_Compute_Parameters
                0x00000880       0xf6 fio2_sensor_calibration.o
                0x00000880                Calibration_Compute_Parameters
 .text.FiO2_Sensor_Calibration_Sequence
                0x00000976      0x144 fio2_sensor_calibration.o
                0x00000976                FiO2_Sensor_Calibration_Sequence
 .text.SPI_Initialize
                0x00000aba       0x3c high_flow_monitor.o
                0x00000aba                SPI_Initialize
 .text.TWI_Initialize
                0x00000af6        0xa high_flow_monitor.o
                0x00000af6                TWI_Initialize
 .text.Timer0_Initialize
                0x00000b00       0x42 high_flow_monitor.o
                0x00000b00                Timer0_Initialize
 .text.Timer1_Initialize
                0x00000b42       0x46 high_flow_monitor.o
                0x00000b42                Timer1_Initialize
 .text.Sensors_Read_And_Filter
                0x00000b88       0xb6 high_flow_monitor.o
                0x00000b88                Sensors_Read_And_Filter
 .text.Numeric_Displays_Update
                0x00000c3e       0x54 high_flow_monitor.o
                0x00000c3e                Numeric_Displays_Update
 .text.ADC_Initialize
                0x00000c92       0x36 high_flow_monitor.o
                0x00000c92                ADC_Initialize
 .text.System_Initialize
                0x00000cc8       0x66 high_flow_monitor.o
                0x00000cc8                System_Initialize
 .text.Normal_Operation_Mode
                0x00000d2e      0x112 high_flow_monitor.o
                0x00000d2e                Normal_Operation_Mode
 .text.Alarm_Flow_Threshold_Increase
                0x00000e40       0x16 high_flow_monitor.o
                0x00000e40                Alarm_Flow_Threshold_Increase
 .text.Alarm_FiO2_Threshold_Increase
                0x00000e56       0x16 high_flow_monitor.o
                0x00000e56                Alarm_FiO2_Threshold_Increase
 .text.Save_Flow_Alarm_Threshold_Index_In_EEPROM
                0x00000e6c       0x12 high_flow_monitor.o
                0x00000e6c                Save_Flow_Alarm_Threshold_Index_In_EEPROM
 .text.Save_FiO2_Alarm_Threshold_Index_In_EEPROM
                0x00000e7e       0x12 high_flow_monitor.o
                0x00000e7e                Save_FiO2_Alarm_Threshold_Index_In_EEPROM
 .text.Alarm_Config_Mode
                0x00000e90      0x118 high_flow_monitor.o
                0x00000e90                Alarm_Config_Mode
 .text.Load_Flow_Alarm_Threshold_Index_From_EEPROM
                0x00000fa8       0x12 high_flow_monitor.o
                0x00000fa8                Load_Flow_Alarm_Threshold_Index_From_EEPROM
 .text.Load_FiO2_Alarm_Threshold_Index_From_EEPROM
                0x00000fba       0x12 high_flow_monitor.o
                0x00000fba                Load_FiO2_Alarm_Threshold_Index_From_EEPROM
 .text.WDT_Off  0x00000fcc       0x18 high_flow_monitor.o
                0x00000fcc                WDT_Off
 .text.System_Shutdown_Message
                0x00000fe4       0x4e high_flow_monitor.o
                0x00000fe4                System_Shutdown_Message
 .text.WDT_Initialize
                0x00001032       0x16 high_flow_monitor.o
                0x00001032                WDT_Initialize
 .text.LCD_Print_Flow_Header
                0x00001048       0x12 lcd_interface.o
                0x00001048                LCD_Print_Flow_Header
 .text.LCD_Print_Flow_Units
                0x0000105a       0x12 lcd_interface.o
                0x0000105a                LCD_Print_Flow_Units
 .text.LCD_Print_Flow_Error
                0x0000106c       0x12 lcd_interface.o
                0x0000106c                LCD_Print_Flow_Error
 .text.LCD_Print_FiO2_Header
                0x0000107e       0x12 lcd_interface.o
                0x0000107e                LCD_Print_FiO2_Header
 .text.LCD_Print_FiO2_Units
                0x00001090       0x12 lcd_interface.o
                0x00001090                LCD_Print_FiO2_Units
 .text.LCD_Print_FiO2_Error
                0x000010a2       0x12 lcd_interface.o
                0x000010a2                LCD_Print_FiO2_Error
 .text.U16_To_Str
                0x000010b4       0x7c lcd_interface.o
                0x000010b4                U16_To_Str
 .text.Remove_Non_Significant_Digits
                0x00001130       0x18 lcd_interface.o
                0x00001130                Remove_Non_Significant_Digits
 .text.LCD_Print_Flow_Value
                0x00001148       0x34 lcd_interface.o
                0x00001148                LCD_Print_Flow_Value
 .text.LCD_Update_Flow_Display
                0x0000117c       0x6c lcd_interface.o
                0x0000117c                LCD_Update_Flow_Display
 .text.LCD_Print_FiO2_Value
                0x000011e8       0x34 lcd_interface.o
                0x000011e8                LCD_Print_FiO2_Value
 .text.LCD_Update_FiO2_Display
                0x0000121c       0x6e lcd_interface.o
                0x0000121c                LCD_Update_FiO2_Display
 .text.LCD_Print_Flow_Boundaries_Error_Message
                0x0000128a       0x12 lcd_interface.o
                0x0000128a                LCD_Print_Flow_Boundaries_Error_Message
 .text.LCD_Print_FiO2_Boundaries_Error_Message
                0x0000129c       0x12 lcd_interface.o
                0x0000129c                LCD_Print_FiO2_Boundaries_Error_Message
 .text.LCD_Print_Boundaries_Error_Screen
                0x000012ae       0x46 lcd_interface.o
                0x000012ae                LCD_Print_Boundaries_Error_Screen
 .text.LCD_Update_Flow_Threshold
                0x000012f4       0x82 lcd_interface.o
                0x000012f4                LCD_Update_Flow_Threshold
 .text.LCD_Update_FiO2_Threshold
                0x00001376       0x82 lcd_interface.o
                0x00001376                LCD_Update_FiO2_Threshold
 .text.LCD_Print_Flow_Threshold_Config_Header
                0x000013f8       0x32 lcd_interface.o
                0x000013f8                LCD_Print_Flow_Threshold_Config_Header
 .text.LCD_Print_FiO2_Threshold_Config_Header
                0x0000142a       0x32 lcd_interface.o
                0x0000142a                LCD_Print_FiO2_Threshold_Config_Header
 .text.LCD_Print_Flow_Threshold_Config_Value
                0x0000145c       0x12 lcd_interface.o
                0x0000145c                LCD_Print_Flow_Threshold_Config_Value
 .text.LCD_Print_FiO2_Threshold_Config_Value
                0x0000146e       0x12 lcd_interface.o
                0x0000146e                LCD_Print_FiO2_Threshold_Config_Value
 .text.LCD_Print_Config_Screen
                0x00001480       0x12 lcd_interface.o
                0x00001480                LCD_Print_Config_Screen
 .text.LCD_Print_Shutdown_Message
                0x00001492       0x22 lcd_interface.o
                0x00001492                LCD_Print_Shutdown_Message
 .text.LCD_Backlight_On
                0x000014b4        0x8 lcd_interface.o
                0x000014b4                LCD_Backlight_On
 .text.LCD_Print_Battery_Header
                0x000014bc       0x12 lcd_interface.o
                0x000014bc                LCD_Print_Battery_Header
 .text.LCD_Print_Battery_Units
                0x000014ce       0x12 lcd_interface.o
                0x000014ce                LCD_Print_Battery_Units
 .text.LCD_Print_Battery_Value
                0x000014e0       0x24 lcd_interface.o
                0x000014e0                LCD_Print_Battery_Value
 .text.LCD_Update_Battery_Level_Display
                0x00001504       0x6e lcd_interface.o
                0x00001504                LCD_Update_Battery_Level_Display
 .text.LCD_Print_Battery_Charging_Gauge
                0x00001572       0x20 lcd_interface.o
                0x00001572                LCD_Print_Battery_Charging_Gauge
 .text.LCD_Update_Battery_Charging_Gauge
                0x00001592       0x3e lcd_interface.o
                0x00001592                LCD_Update_Battery_Charging_Gauge
 .text.Battery_Charge_Gauge_Index_Reset
                0x000015d0        0x6 lcd_interface.o
                0x000015d0                Battery_Charge_Gauge_Index_Reset
 .text.LCD_Print_Boot_Screen
                0x000015d6       0x22 lcd_interface.o
                0x000015d6                LCD_Print_Boot_Screen
 .text.LCD_Interface_Initialize
                0x000015f8       0x20 lcd_interface.o
                0x000015f8                LCD_Interface_Initialize
 .text.LCD_Print_Calibration_Start_Screen
                0x00001618       0x22 lcd_interface.o
                0x00001618                LCD_Print_Calibration_Start_Screen
 .text.LCD_Print_Calibration_Processing_Screen
                0x0000163a       0x22 lcd_interface.o
                0x0000163a                LCD_Print_Calibration_Processing_Screen
 .text.LCD_Print_Calibration_Sensor_Error_Screen
                0x0000165c       0x22 lcd_interface.o
                0x0000165c                LCD_Print_Calibration_Sensor_Error_Screen
 .text.LCD_Print_Calibration_Error_Screen
                0x0000167e       0x22 lcd_interface.o
                0x0000167e                LCD_Print_Calibration_Error_Screen
 .text.LCD_Print_Calibration_Complete_Screen
                0x000016a0       0x22 lcd_interface.o
                0x000016a0                LCD_Print_Calibration_Complete_Screen
 .text.LCD_Print_Calibration_Range_Header
                0x000016c2       0x84 lcd_interface.o
                0x000016c2                LCD_Print_Calibration_Range_Header
 .text.LCD_Print_Calibration_Reference_Header
                0x00001746       0x12 lcd_interface.o
                0x00001746                LCD_Print_Calibration_Reference_Header
 .text.LCD_Print_Calibration_Reference_Value
                0x00001758       0x1e lcd_interface.o
                0x00001758                LCD_Print_Calibration_Reference_Value
 .text.LCD_Print_Calibration_Reference_Units
                0x00001776       0x12 lcd_interface.o
                0x00001776                LCD_Print_Calibration_Reference_Units
 .text.main     0x00001788      0x102 main.o
                0x00001788                main
 .text.__vector_14
                0x0000188a      0x150 main.o
                0x0000188a                __vector_14
 .text.ADC_Configurar
                0x000019da       0x94 MT_adc.o
                0x000019da                ADC_Configurar
 .text.ADC_Seleccionar_Canal
                0x00001a6e       0x5a MT_adc.o
                0x00001a6e                ADC_Seleccionar_Canal
 .text.COG_LCD_Tx_Command
                0x00001ac8       0x1e MT_cog_lcd.o
                0x00001ac8                COG_LCD_Tx_Command
 .text.COG_LCD_Init
                0x00001ae6       0xa4 MT_cog_lcd.o
                0x00001ae6                COG_LCD_Init
 .text.COG_LCD_Put_Char
                0x00001b8a       0x18 MT_cog_lcd.o
                0x00001b8a                COG_LCD_Put_Char
 .text.COG_LCD_Put_String
                0x00001ba2       0x1a MT_cog_lcd.o
                0x00001ba2                COG_LCD_Put_String
 .text.COG_LCD_Goto_XY
                0x00001bbc       0x2c MT_cog_lcd.o
                0x00001bbc                COG_LCD_Goto_XY
 .text.Button_Debounce_Initialize
                0x00001be8        0xe mt_debounce.o
                0x00001be8                Button_Debounce_Initialize
 .text.G1_Get_Button_Press
                0x00001bf6       0x16 mt_debounce.o
                0x00001bf6                G1_Get_Button_Press
 .text.G1_Get_Button_Rpt
                0x00001c0c       0x16 mt_debounce.o
                0x00001c0c                G1_Get_Button_Rpt
 .text.G1_Get_Button_Short
                0x00001c22       0x10 mt_debounce.o
                0x00001c22                G1_Get_Button_Short
 .text.G1_Get_Button_Long
                0x00001c32        0xa mt_debounce.o
                0x00001c32                G1_Get_Button_Long
 .text.G1_Get_Button_Release
                0x00001c3c       0x16 mt_debounce.o
                0x00001c3c                G1_Get_Button_Release
 .text.Least_Squares_X_Sample_Vector_Fill_In
                0x00001c52       0x8e MT_least_squares.o
                0x00001c52                Least_Squares_X_Sample_Vector_Fill_In
 .text.Least_Squares_Y_Sample_Vector_Fill_In
                0x00001ce0       0x8e MT_least_squares.o
                0x00001ce0                Least_Squares_Y_Sample_Vector_Fill_In
 .text.Least_Squares_XY_Sample_Vector_Fill_In
                0x00001d6e       0x80 MT_least_squares.o
                0x00001d6e                Least_Squares_XY_Sample_Vector_Fill_In
 .text.Least_Squares_X2_Sample_Vector_Fill_In
                0x00001dee       0x76 MT_least_squares.o
                0x00001dee                Least_Squares_X2_Sample_Vector_Fill_In
 .text.Least_Squares_Sum_X_Calculate
                0x00001e64       0x8c MT_least_squares.o
                0x00001e64                Least_Squares_Sum_X_Calculate
 .text.Least_Squares_Sum_Y_Calculate
                0x00001ef0       0x8c MT_least_squares.o
                0x00001ef0                Least_Squares_Sum_Y_Calculate
 .text.Least_Squares_Sum_XY_Calculate
                0x00001f7c       0x8c MT_least_squares.o
                0x00001f7c                Least_Squares_Sum_XY_Calculate
 .text.Least_Squares_Sum_X2_Calculate
                0x00002008       0x8c MT_least_squares.o
                0x00002008                Least_Squares_Sum_X2_Calculate
 .text.Least_Squares_Sum_2_X_Calculate
                0x00002094       0x2a MT_least_squares.o
                0x00002094                Least_Squares_Sum_2_X_Calculate
 .text.Least_Squares_Linear_Slope_Calculate
                0x000020be       0xce MT_least_squares.o
                0x000020be                Least_Squares_Linear_Slope_Calculate
 .text.Least_Squares_Linear_Offset_Calculate
                0x0000218c       0xce MT_least_squares.o
                0x0000218c                Least_Squares_Linear_Offset_Calculate
 .text.Least_Squares_Get_Linear_Slope
                0x0000225a       0x12 MT_least_squares.o
                0x0000225a                Least_Squares_Get_Linear_Slope
 .text.Least_Squares_Get_Linear_Offset
                0x0000226c       0x12 MT_least_squares.o
                0x0000226c                Least_Squares_Get_Linear_Offset
 .text.Proximal_Flow_Sensor_Get_Flow
                0x0000227e       0x12 MT_sensirion_sfm3000.o
                0x0000227e                Proximal_Flow_Sensor_Get_Flow
 .text.Proximal_Flow_Sensor_CRC_Check
                0x00002290       0x44 MT_sensirion_sfm3000.o
                0x00002290                Proximal_Flow_Sensor_CRC_Check
 .text.Proximal_Flow_Sensor_Send_Command
                0x000022d4       0x16 MT_sensirion_sfm3000.o
                0x000022d4                Proximal_Flow_Sensor_Send_Command
 .text.Proximal_Flow_Sensor_Initialize
                0x000022ea       0x60 MT_sensirion_sfm3000.o
                0x000022ea                Proximal_Flow_Sensor_Initialize
 .text.Proximal_Flow_Sensor_Read
                0x0000234a       0xb0 MT_sensirion_sfm3000.o
                0x0000234a                Proximal_Flow_Sensor_Read
 .text.SPI_Configurar
                0x000023fa       0x68 MT_spi_master.o
                0x000023fa                SPI_Configurar
 .text.SPI_Master_Tx_Byte
                0x00002462        0xc MT_spi_master.o
                0x00002462                SPI_Master_Tx_Byte
 .text.Timer0_Configurar
                0x0000246e       0x64 MT_timer.o
                0x0000246e                Timer0_Configurar
 .text.Timer1_Configurar
                0x000024d2       0xbc MT_timer.o
                0x000024d2                Timer1_Configurar
 .text.tw_start
                0x0000258e       0x38 twi_master.o
 .text.tw_stop  0x000025c6        0x8 twi_master.o
 .text.tw_write_sla
                0x000025ce       0x3c twi_master.o
 .text.tw_write
                0x0000260a       0x2c twi_master.o
 .text.tw_read  0x00002636       0x4a twi_master.o
 .text.tw_init  0x00002680       0x42 twi_master.o
                0x00002680                tw_init
 .text.tw_master_transmit
                0x000026c2       0x6a twi_master.o
                0x000026c2                tw_master_transmit
 .text.tw_master_receive
                0x0000272c       0x7e twi_master.o
                0x0000272c                tw_master_receive
 .text.avr-libc.fplib
                0x000027aa        0xe c:/program files (x86)/atmel/studio/7.0/toolchain/avr8/avr8-gnu-toolchain/bin/../lib/gcc/avr/5.4.0/../../../../avr/lib/avr5\libm.a(addsf3.o)
                0x000027aa                __subsf3
                0x000027ac                __addsf3
 .text.avr-libc.fplib
                0x000027b8       0xcc c:/program files (x86)/atmel/studio/7.0/toolchain/avr8/avr8-gnu-toolchain/bin/../lib/gcc/avr/5.4.0/../../../../avr/lib/avr5\libm.a(addsf3x.o)
                0x000027da                __addsf3x
 .text.avr-libc.fplib
                0x00002884        0xa c:/program files (x86)/atmel/studio/7.0/toolchain/avr8/avr8-gnu-toolchain/bin/../lib/gcc/avr/5.4.0/../../../../avr/lib/avr5\libm.a(cmpsf2.o)
                0x00002884                __nesf2
                0x00002884                __eqsf2
                0x00002884                __cmpsf2
                0x00002884                __ltsf2
                0x00002884                __lesf2
 .text.avr-libc.fplib
                0x0000288e        0x8 c:/program files (x86)/atmel/studio/7.0/toolchain/avr8/avr8-gnu-toolchain/bin/../lib/gcc/avr/5.4.0/../../../../avr/lib/avr5\libm.a(divsf3.o)
                0x0000288e                __divsf3
 .text.avr-libc.fplib
                0x00002896       0xdc c:/program files (x86)/atmel/studio/7.0/toolchain/avr8/avr8-gnu-toolchain/bin/../lib/gcc/avr/5.4.0/../../../../avr/lib/avr5\libm.a(divsf3x.o)
                0x000028b6                __divsf3x
                0x000028bc                __divsf3_pse
 .text.avr-libc.fplib
                0x00002972       0x5e c:/program files (x86)/atmel/studio/7.0/toolchain/avr8/avr8-gnu-toolchain/bin/../lib/gcc/avr/5.4.0/../../../../avr/lib/avr5\libm.a(fixunssfsi.o)
                0x00002972                __fixunssfsi
 .text.avr-libc.fplib
                0x000029d0       0x7a c:/program files (x86)/atmel/studio/7.0/toolchain/avr8/avr8-gnu-toolchain/bin/../lib/gcc/avr/5.4.0/../../../../avr/lib/avr5\libm.a(floatsisf.o)
                0x000029d0                __floatunsisf
                0x000029d4                __floatsisf
 .text.avr-libc.fplib
                0x00002a4a       0x48 c:/program files (x86)/atmel/studio/7.0/toolchain/avr8/avr8-gnu-toolchain/bin/../lib/gcc/avr/5.4.0/../../../../avr/lib/avr5\libm.a(fp_cmp.o)
                0x00002a4a                __fp_cmp
 .text.avr-libc.fplib
                0x00002a92        0xc c:/program files (x86)/atmel/studio/7.0/toolchain/avr8/avr8-gnu-toolchain/bin/../lib/gcc/avr/5.4.0/../../../../avr/lib/avr5\libm.a(fp_inf.o)
                0x00002a92                __fp_inf
 .text.avr-libc.fplib
                0x00002a9e        0x6 c:/program files (x86)/atmel/studio/7.0/toolchain/avr8/avr8-gnu-toolchain/bin/../lib/gcc/avr/5.4.0/../../../../avr/lib/avr5\libm.a(fp_nan.o)
                0x00002a9e                __fp_nan
 .text.avr-libc.fplib
                0x00002aa4        0xe c:/program files (x86)/atmel/studio/7.0/toolchain/avr8/avr8-gnu-toolchain/bin/../lib/gcc/avr/5.4.0/../../../../avr/lib/avr5\libm.a(fp_pscA.o)
                0x00002aa4                __fp_pscA
 .text.avr-libc.fplib
                0x00002ab2        0xe c:/program files (x86)/atmel/studio/7.0/toolchain/avr8/avr8-gnu-toolchain/bin/../lib/gcc/avr/5.4.0/../../../../avr/lib/avr5\libm.a(fp_pscB.o)
                0x00002ab2                __fp_pscB
 .text.avr-libc.fplib
                0x00002ac0       0x22 c:/program files (x86)/atmel/studio/7.0/toolchain/avr8/avr8-gnu-toolchain/bin/../lib/gcc/avr/5.4.0/../../../../avr/lib/avr5\libm.a(fp_round.o)
                0x00002ac0                __fp_round
 .text.avr-libc.fplib
                0x00002ae2       0x44 c:/program files (x86)/atmel/studio/7.0/toolchain/avr8/avr8-gnu-toolchain/bin/../lib/gcc/avr/5.4.0/../../../../avr/lib/avr5\libm.a(fp_split3.o)
                0x00002ae2                __fp_split3
                0x00002af2                __fp_splitA
 .text.avr-libc.fplib
                0x00002b26        0xe c:/program files (x86)/atmel/studio/7.0/toolchain/avr8/avr8-gnu-toolchain/bin/../lib/gcc/avr/5.4.0/../../../../avr/lib/avr5\libm.a(fp_zero.o)
                0x00002b26                __fp_zero
                0x00002b28                __fp_szero
 .text.avr-libc.fplib
                0x00002b34        0xa c:/program files (x86)/atmel/studio/7.0/toolchain/avr8/avr8-gnu-toolchain/bin/../lib/gcc/avr/5.4.0/../../../../avr/lib/avr5\libm.a(gesf2.o)
                0x00002b34                __gesf2
                0x00002b34                __gtsf2
 .text.avr-libc.fplib
                0x00002b3e        0x8 c:/program files (x86)/atmel/studio/7.0/toolchain/avr8/avr8-gnu-toolchain/bin/../lib/gcc/avr/5.4.0/../../../../avr/lib/avr5\libm.a(mulsf3.o)
                0x00002b3e                __mulsf3
 .text.avr-libc.fplib
                0x00002b46       0xd2 c:/program files (x86)/atmel/studio/7.0/toolchain/avr8/avr8-gnu-toolchain/bin/../lib/gcc/avr/5.4.0/../../../../avr/lib/avr5\libm.a(mulsf3x.o)
                0x00002b64                __mulsf3x
                0x00002b6a                __mulsf3_pse
 .text.libgcc.mul
                0x00002c18       0x1e c:/program files (x86)/atmel/studio/7.0/toolchain/avr8/avr8-gnu-toolchain/bin/../lib/gcc/avr/5.4.0/avr5\libgcc.a(_umulhisi3.o)
                0x00002c18                __umulhisi3
 .text.avr-libc
                0x00002c36       0x10 C:/Program Files (x86)/Atmel/Studio/7.0/Packs/atmel/ATmega_DFP/1.6.364/gcc/dev/atmega328p/avr5\libatmega328p.a(eerd_byte.o)
                0x00002c36                eeprom_read_byte
 .text.avr-libc
                0x00002c46        0xc C:/Program Files (x86)/Atmel/Studio/7.0/Packs/atmel/ATmega_DFP/1.6.364/gcc/dev/atmega328p/avr5\libatmega328p.a(eerd_dword.o)
                0x00002c46                eeprom_read_float
                0x00002c46                eeprom_read_dword
 .text.avr-libc
                0x00002c52       0x24 C:/Program Files (x86)/Atmel/Studio/7.0/Packs/atmel/ATmega_DFP/1.6.364/gcc/dev/atmega328p/avr5\libatmega328p.a(eeupd_byte.o)
                0x00002c52                eeprom_update_byte
                0x00002c54                eeprom_update_r18
 .text.avr-libc
                0x00002c76       0x18 C:/Program Files (x86)/Atmel/Studio/7.0/Packs/atmel/ATmega_DFP/1.6.364/gcc/dev/atmega328p/avr5\libatmega328p.a(eeupd_dword.o)
                0x00002c76                eeprom_update_float
                0x00002c76                eeprom_update_dword
 .text.avr-libc
                0x00002c8e       0x20 C:/Program Files (x86)/Atmel/Studio/7.0/Packs/atmel/ATmega_DFP/1.6.364/gcc/dev/atmega328p/avr5\libatmega328p.a(eerd_block.o)
                0x00002c8e                eeprom_read_block
                0x00002c92                eeprom_read_blraw
                0x00002cae                . = ALIGN (0x2)
 *(.fini9)
 .fini9         0x00002cae        0x0 c:/program files (x86)/atmel/studio/7.0/toolchain/avr8/avr8-gnu-toolchain/bin/../lib/gcc/avr/5.4.0/avr5\libgcc.a(_exit.o)
                0x00002cae                _exit
                0x00002cae                exit
 *(.fini9)
 *(.fini8)
 *(.fini8)
 *(.fini7)
 *(.fini7)
 *(.fini6)
 *(.fini6)
 *(.fini5)
 *(.fini5)
 *(.fini4)
 *(.fini4)
 *(.fini3)
 *(.fini3)
 *(.fini2)
 *(.fini2)
 *(.fini1)
 *(.fini1)
 *(.fini0)
 .fini0         0x00002cae        0x4 c:/program files (x86)/atmel/studio/7.0/toolchain/avr8/avr8-gnu-toolchain/bin/../lib/gcc/avr/5.4.0/avr5\libgcc.a(_exit.o)
 *(.fini0)
                0x00002cb2                _etext = .

.data           0x00800100      0x23c load address 0x00002cb2
                0x00800100                PROVIDE (__data_start, .)
 *(.data)
 *(.data*)
 .data.calib_line_offset
                0x00800100        0x4 fio2_sensor.o
                0x00800100                calib_line_offset
 .data.calib_line_slope
                0x00800104        0x4 fio2_sensor.o
                0x00800104                calib_line_slope
 .data.calib_lower_boundary_array
                0x00800108        0x8 fio2_sensor_calibration.o
                0x00800108                calib_lower_boundary_array
 .data.calib_upper_boundary_array
                0x00800110        0x8 fio2_sensor_calibration.o
                0x00800110                calib_upper_boundary_array
 .data.fio2_min_threshold
                0x00800118       0x14 high_flow_monitor.o
                0x00800118                fio2_min_threshold
 .data.flow_min_threshold
                0x0080012c       0x14 high_flow_monitor.o
                0x0080012c                flow_min_threshold
 .data.lcd_battery_str
                0x00800140        0x3 lcd_interface.o
                0x00800140                lcd_battery_str
 .data.lcd_fio2_str
                0x00800143        0x5 lcd_interface.o
                0x00800143                lcd_fio2_str
 .data.lcd_flow_str
                0x00800148        0x5 lcd_interface.o
                0x00800148                lcd_flow_str
 .data.lcd_config_fio2_min_value
                0x0080014d        0x5 lcd_interface.o
                0x0080014d                lcd_config_fio2_min_value
 .data.lcd_config_flow_min_value
                0x00800152        0x5 lcd_interface.o
                0x00800152                lcd_config_flow_min_value
 .data.lcd_config_fio2_header_unactive
                0x00800157        0xe lcd_interface.o
                0x00800157                lcd_config_fio2_header_unactive
 .data.lcd_config_fio2_header_active
                0x00800165        0xf lcd_interface.o
                0x00800165                lcd_config_fio2_header_active
 .data.lcd_config_flow_header_unactive
                0x00800174        0xe lcd_interface.o
                0x00800174                lcd_config_flow_header_unactive
 .data.lcd_config_flow_header_active
                0x00800182        0xe lcd_interface.o
                0x00800182                lcd_config_flow_header_active
 .data.lcd_calibration_lower_boundary_array
                0x00800190        0x8 lcd_interface.o
                0x00800190                lcd_calibration_lower_boundary_array
 .data.lcd_calibration_upper_boundary_array
                0x00800198        0x8 lcd_interface.o
                0x00800198                lcd_calibration_upper_boundary_array
 .data.lcd_calibration_reference_value
                0x008001a0        0x3 lcd_interface.o
                0x008001a0                lcd_calibration_reference_value
 .data.lcd_calibration_lower_boundary
                0x008001a3        0x3 lcd_interface.o
                0x008001a3                lcd_calibration_lower_boundary
 .data.lcd_calibration_upper_boundary
                0x008001a6        0x3 lcd_interface.o
                0x008001a6                lcd_calibration_upper_boundary
 *(.gnu.linkonce.d*)
 *(.rodata)
 .rodata        0x008001a9        0x8 MT_adc.o
 *(.rodata*)
 .rodata.str1.1
                0x008001b1       0x11 lcd_interface.o
 .rodata.batt_charge_gauge
                0x008001c2       0x10 lcd_interface.o
                0x008001c2                batt_charge_gauge
 .rodata.lcd_battery_units
                0x008001d2        0x2 lcd_interface.o
                0x008001d2                lcd_battery_units
 .rodata.lcd_battery_header
                0x008001d4        0x4 lcd_interface.o
                0x008001d4                lcd_battery_header
 .rodata.lcd_fio2_error
                0x008001d8        0xe lcd_interface.o
                0x008001d8                lcd_fio2_error
 .rodata.lcd_flow_error
                0x008001e6        0xe lcd_interface.o
                0x008001e6                lcd_flow_error
 .rodata.lcd_fio2_units
                0x008001f4        0x5 lcd_interface.o
                0x008001f4                lcd_fio2_units
 .rodata.lcd_flow_units
                0x008001f9        0x5 lcd_interface.o
                0x008001f9                lcd_flow_units
 .rodata.lcd_fio2_header
                0x008001fe        0x7 lcd_interface.o
                0x008001fe                lcd_fio2_header
 .rodata.lcd_flow_header
                0x00800205        0x7 lcd_interface.o
                0x00800205                lcd_flow_header
 .rodata.lcd_low_fio2_msg
                0x0080020c       0x11 lcd_interface.o
                0x0080020c                lcd_low_fio2_msg
 .rodata.lcd_low_flow_msg
                0x0080021d       0x11 lcd_interface.o
                0x0080021d                lcd_low_flow_msg
 .rodata.lcd_system_shutdown_msg_02
                0x0080022e       0x11 lcd_interface.o
                0x0080022e                lcd_system_shutdown_msg_02
 .rodata.lcd_system_shutdown_msg_01
                0x0080023f       0x11 lcd_interface.o
                0x0080023f                lcd_system_shutdown_msg_01
 .rodata.lcd_calibration_header_05
                0x00800250        0x6 lcd_interface.o
                0x00800250                lcd_calibration_header_05
 .rodata.lcd_calibration_header_04
                0x00800256        0xa lcd_interface.o
                0x00800256                lcd_calibration_header_04
 .rodata.lcd_calibration_header_03
                0x00800260        0x3 lcd_interface.o
                0x00800260                lcd_calibration_header_03
 .rodata.lcd_calibration_header_02
                0x00800263        0x5 lcd_interface.o
                0x00800263                lcd_calibration_header_02
 .rodata.lcd_calibration_header_01
                0x00800268        0x7 lcd_interface.o
                0x00800268                lcd_calibration_header_01
 .rodata.lcd_calibration_complete_msg_02
                0x0080026f       0x11 lcd_interface.o
                0x0080026f                lcd_calibration_complete_msg_02
 .rodata.lcd_calibration_complete_msg_01
                0x00800280       0x11 lcd_interface.o
                0x00800280                lcd_calibration_complete_msg_01
 .rodata.lcd_system_calibration_error_msg_02
                0x00800291       0x11 lcd_interface.o
                0x00800291                lcd_system_calibration_error_msg_02
 .rodata.lcd_system_calibration_error_msg_01
                0x008002a2       0x11 lcd_interface.o
                0x008002a2                lcd_system_calibration_error_msg_01
 .rodata.lcd_system_calibration_sensor_error_msg_02
                0x008002b3       0x11 lcd_interface.o
                0x008002b3                lcd_system_calibration_sensor_error_msg_02
 .rodata.lcd_system_calibration_sensor_error_msg_01
                0x008002c4       0x11 lcd_interface.o
                0x008002c4                lcd_system_calibration_sensor_error_msg_01
 .rodata.lcd_system_calibration_process_msg_02
                0x008002d5       0x11 lcd_interface.o
                0x008002d5                lcd_system_calibration_process_msg_02
 .rodata.lcd_system_calibration_process_msg_01
                0x008002e6       0x11 lcd_interface.o
                0x008002e6                lcd_system_calibration_process_msg_01
 .rodata.lcd_system_calibration_mode_msg_02
                0x008002f7       0x11 lcd_interface.o
                0x008002f7                lcd_system_calibration_mode_msg_02
 .rodata.lcd_system_calibration_mode_msg_01
                0x00800308       0x11 lcd_interface.o
                0x00800308                lcd_system_calibration_mode_msg_01
 .rodata.lcd_system_boot_msg_02
                0x00800319       0x11 lcd_interface.o
                0x00800319                lcd_system_boot_msg_02
 .rodata.lcd_system_boot_msg_01
                0x0080032a       0x11 lcd_interface.o
                0x0080032a                lcd_system_boot_msg_01
 *(.gnu.linkonce.r*)
                0x0080033c                . = ALIGN (0x2)
 *fill*         0x0080033b        0x1 
                0x0080033c                _edata = .
                0x0080033c                PROVIDE (__data_end, .)

.bss            0x0080033c      0x489
                0x0080033c                PROVIDE (__bss_start, .)
 *(.bss)
 *(.bss*)
 .bss.battery_percent
                0x0080033c        0x4 battery_measurement.o
 .bss.battery_volt
                0x00800340        0x4 battery_measurement.o
 .bss.lpf_prev_out.1643
                0x00800344        0x4 filters.o
 .bss.lpf_prev_out.1635
                0x00800348        0x4 filters.o
 .bss.lpf_prev_out.1627
                0x0080034c        0x4 filters.o
 .bss.fio2_lpf_output
                0x00800350        0x4 filters.o
 .bss.flow_lpf_output
                0x00800354        0x4 filters.o
 .bss.fio2_percent
                0x00800358        0x4 fio2_sensor.o
 .bss.fio2_th_index
                0x0080035c        0x1 high_flow_monitor.o
                0x0080035c                fio2_th_index
 .bss.flow_th_index
                0x0080035d        0x1 high_flow_monitor.o
                0x0080035d                flow_th_index
 .bss.config_state
                0x0080035e        0x1 high_flow_monitor.o
                0x0080035e                config_state
 .bss.system_flags
                0x0080035f        0x2 high_flow_monitor.o
                0x0080035f                system_flags
 .bss.fio2_display_value
                0x00800361        0x2 lcd_interface.o
                0x00800361                fio2_display_value
 .bss.flow_display_value
                0x00800363        0x2 lcd_interface.o
                0x00800363                flow_display_value
 .bss.fio2_threshold_display_value
                0x00800365        0x2 lcd_interface.o
                0x00800365                fio2_threshold_display_value
 .bss.flow_threshold_display_value
                0x00800367        0x2 lcd_interface.o
                0x00800367                flow_threshold_display_value
 .bss.battery_level_display_value
                0x00800369        0x2 lcd_interface.o
                0x00800369                battery_level_display_value
 .bss.batt_charge_gauge_index
                0x0080036b        0x1 lcd_interface.o
 .bss.g1_rpt.1931
                0x0080036c        0x2 main.o
 .bss.counter1.1930
                0x0080036e        0x1 main.o
 .bss.counter0.1929
                0x0080036f        0x1 main.o
 .bss.counter_250ms.2012
                0x00800370        0x1 main.o
 .bss.counter_10ms.2011
                0x00800371        0x1 main.o
 .bss.counter_2ms.2010
                0x00800372        0x2 main.o
 .bss.linear_offset_y0
                0x00800374        0x4 MT_least_squares.o
 .bss.linear_slope_m
                0x00800378        0x4 MT_least_squares.o
 .bss.sensor_write_data_buffer
                0x0080037c        0x2 MT_sensirion_sfm3000.o
 .bss.sensor_read_data_buffer
                0x0080037e        0x3 MT_sensirion_sfm3000.o
 .bss.proximal_flow_slpm
                0x00800381        0x4 MT_sensirion_sfm3000.o
 *(COMMON)
 COMMON         0x00800385      0x108 fio2_sensor_calibration.o
                0x00800385                calibration_offset
                0x00800389                calibration_samples_x
                0x00800409                calibration_slope
                0x0080040d                calibration_samples_y
 COMMON         0x0080048d        0x4 mt_debounce.o
                0x0080048d                g1_button_state
                0x0080048e                g1_button_release
                0x0080048f                g1_button_press
                0x00800490                g1_button_rpt
 COMMON         0x00800491      0x334 MT_least_squares.o
                0x00800491                sum_xy
                0x00800495                x2_sample_vector
                0x0080055d                sum_x2
                0x00800561                y_sample_vector
                0x00800629                sum_y
                0x0080062d                sum_2_x
                0x00800631                x_sample_vector
                0x008006f9                sum_x
                0x008006fd                xy_sample_vector
                0x008007c5                PROVIDE (__bss_end, .)
                0x00002cb2                __data_load_start = LOADADDR (.data)
                0x00002eee                __data_load_end = (__data_load_start + SIZEOF (.data))

.noinit         0x008007c5        0x0
                [!provide]                PROVIDE (__noinit_start, .)
 *(.noinit*)
                [!provide]                PROVIDE (__noinit_end, .)
                0x008007c5                _end = .
                [!provide]                PROVIDE (__heap_start, .)

.eeprom         0x00810000        0xa
 *(.eeprom*)
 .eeprom        0x00810000        0x8 fio2_sensor.o
                0x00810000                ee_calib_line_offset
                0x00810004                ee_calib_line_slope
 .eeprom        0x00810008        0x2 high_flow_monitor.o
                0x00810008                ee_fio2_th_index
                0x00810009                ee_flow_th_index
                0x0081000a                __eeprom_end = .

.fuse
 *(.fuse)
 *(.lfuse)
 *(.hfuse)
 *(.efuse)

.lock
 *(.lock*)

.signature
 *(.signature*)

.user_signatures
 *(.user_signatures*)

.stab
 *(.stab)

.stabstr
 *(.stabstr)

.stab.excl
 *(.stab.excl)

.stab.exclstr
 *(.stab.exclstr)

.stab.index
 *(.stab.index)

.stab.indexstr
 *(.stab.indexstr)

.comment        0x00000000       0x30
 *(.comment)
 .comment       0x00000000       0x30 battery_measurement.o
                                 0x31 (size before relaxing)
 .comment       0x00000030       0x31 filters.o
 .comment       0x00000030       0x31 fio2_sensor.o
 .comment       0x00000030       0x31 fio2_sensor_calibration.o
 .comment       0x00000030       0x31 high_flow_monitor.o
 .comment       0x00000030       0x31 lcd_interface.o
 .comment       0x00000030       0x31 main.o
 .comment       0x00000030       0x31 MT_adc.o
 .comment       0x00000030       0x31 MT_cog_lcd.o
 .comment       0x00000030       0x31 mt_debounce.o
 .comment       0x00000030       0x31 MT_least_squares.o
 .comment       0x00000030       0x31 MT_sensirion_sfm3000.o
 .comment       0x00000030       0x31 MT_spi_master.o
 .comment       0x00000030       0x31 MT_timer.o
 .comment       0x00000030       0x31 twi_master.o

.note.gnu.avr.deviceinfo
                0x00000000       0x40
 .note.gnu.avr.deviceinfo
                0x00000000       0x40 C:/Program Files (x86)/Atmel/Studio/7.0/Packs/atmel/ATmega_DFP/1.6.364/gcc/dev/atmega328p/avr5/crtatmega328p.o

.note.gnu.build-id
 *(.note.gnu.build-id)

.debug
 *(.debug)

.line
 *(.line)

.debug_srcinfo
 *(.debug_srcinfo)

.debug_sfnames
 *(.debug_sfnames)

.debug_aranges  0x00000000      0x660
 *(.debug_aranges)
 .debug_aranges
                0x00000000       0x30 battery_measurement.o
 .debug_aranges
                0x00000030       0x68 filters.o
 .debug_aranges
                0x00000098       0x48 fio2_sensor.o
 .debug_aranges
                0x000000e0       0x38 fio2_sensor_calibration.o
 .debug_aranges
                0x00000118       0xb0 high_flow_monitor.o
 .debug_aranges
                0x000001c8      0x170 lcd_interface.o
 .debug_aranges
                0x00000338       0x28 main.o
 .debug_aranges
                0x00000360       0x28 MT_adc.o
 .debug_aranges
                0x00000388       0x40 MT_cog_lcd.o
 .debug_aranges
                0x000003c8       0x48 mt_debounce.o
 .debug_aranges
                0x00000410       0xa8 MT_least_squares.o
 .debug_aranges
                0x000004b8       0x50 MT_sensirion_sfm3000.o
 .debug_aranges
                0x00000508       0x30 MT_spi_master.o
 .debug_aranges
                0x00000538       0x30 MT_timer.o
 .debug_aranges
                0x00000568       0x58 twi_master.o
 .debug_aranges
                0x000005c0       0x20 C:/Program Files (x86)/Atmel/Studio/7.0/Packs/atmel/ATmega_DFP/1.6.364/gcc/dev/atmega328p/avr5\libatmega328p.a(eerd_byte.o)
 .debug_aranges
                0x000005e0       0x20 C:/Program Files (x86)/Atmel/Studio/7.0/Packs/atmel/ATmega_DFP/1.6.364/gcc/dev/atmega328p/avr5\libatmega328p.a(eerd_dword.o)
 .debug_aranges
                0x00000600       0x20 C:/Program Files (x86)/Atmel/Studio/7.0/Packs/atmel/ATmega_DFP/1.6.364/gcc/dev/atmega328p/avr5\libatmega328p.a(eeupd_byte.o)
 .debug_aranges
                0x00000620       0x20 C:/Program Files (x86)/Atmel/Studio/7.0/Packs/atmel/ATmega_DFP/1.6.364/gcc/dev/atmega328p/avr5\libatmega328p.a(eeupd_dword.o)
 .debug_aranges
                0x00000640       0x20 C:/Program Files (x86)/Atmel/Studio/7.0/Packs/atmel/ATmega_DFP/1.6.364/gcc/dev/atmega328p/avr5\libatmega328p.a(eerd_block.o)

.debug_pubnames
 *(.debug_pubnames)

.debug_info     0x00000000     0x605a
 *(.debug_info .gnu.linkonce.wi.*)
 .debug_info    0x00000000      0x5f4 C:/Program Files (x86)/Atmel/Studio/7.0/Packs/atmel/ATmega_DFP/1.6.364/gcc/dev/atmega328p/avr5/crtatmega328p.o
 .debug_info    0x000005f4      0x14d battery_measurement.o
 .debug_info    0x00000741      0x3df filters.o
 .debug_info    0x00000b20      0x29d fio2_sensor.o
 .debug_info    0x00000dbd      0x90f fio2_sensor_calibration.o
 .debug_info    0x000016cc      0xf91 high_flow_monitor.o
 .debug_info    0x0000265d     0x15e6 lcd_interface.o
 .debug_info    0x00003c43      0x477 main.o
 .debug_info    0x000040ba      0x2a7 MT_adc.o
 .debug_info    0x00004361      0x3df MT_cog_lcd.o
 .debug_info    0x00004740      0x1dd mt_debounce.o
 .debug_info    0x0000491d      0x4fe MT_least_squares.o
 .debug_info    0x00004e1b      0x586 MT_sensirion_sfm3000.o
 .debug_info    0x000053a1      0x2e0 MT_spi_master.o
 .debug_info    0x00005681      0x3bc MT_timer.o
 .debug_info    0x00005a3d      0x316 twi_master.o
 .debug_info    0x00005d53       0x9a C:/Program Files (x86)/Atmel/Studio/7.0/Packs/atmel/ATmega_DFP/1.6.364/gcc/dev/atmega328p/avr5\libatmega328p.a(eerd_byte.o)
 .debug_info    0x00005ded       0x9b C:/Program Files (x86)/Atmel/Studio/7.0/Packs/atmel/ATmega_DFP/1.6.364/gcc/dev/atmega328p/avr5\libatmega328p.a(eerd_dword.o)
 .debug_info    0x00005e88       0x9b C:/Program Files (x86)/Atmel/Studio/7.0/Packs/atmel/ATmega_DFP/1.6.364/gcc/dev/atmega328p/avr5\libatmega328p.a(eeupd_byte.o)
 .debug_info    0x00005f23       0x9c C:/Program Files (x86)/Atmel/Studio/7.0/Packs/atmel/ATmega_DFP/1.6.364/gcc/dev/atmega328p/avr5\libatmega328p.a(eeupd_dword.o)
 .debug_info    0x00005fbf       0x9b C:/Program Files (x86)/Atmel/Studio/7.0/Packs/atmel/ATmega_DFP/1.6.364/gcc/dev/atmega328p/avr5\libatmega328p.a(eerd_block.o)

.debug_abbrev   0x00000000     0x1970
 *(.debug_abbrev)
 .debug_abbrev  0x00000000      0x5a2 C:/Program Files (x86)/Atmel/Studio/7.0/Packs/atmel/ATmega_DFP/1.6.364/gcc/dev/atmega328p/avr5/crtatmega328p.o
 .debug_abbrev  0x000005a2       0xdb battery_measurement.o
 .debug_abbrev  0x0000067d       0xe9 filters.o
 .debug_abbrev  0x00000766      0x113 fio2_sensor.o
 .debug_abbrev  0x00000879      0x192 fio2_sensor_calibration.o
 .debug_abbrev  0x00000a0b      0x21e high_flow_monitor.o
 .debug_abbrev  0x00000c29      0x1e0 lcd_interface.o
 .debug_abbrev  0x00000e09      0x1a9 main.o
 .debug_abbrev  0x00000fb2       0xcf MT_adc.o
 .debug_abbrev  0x00001081      0x177 MT_cog_lcd.o
 .debug_abbrev  0x000011f8       0xb8 mt_debounce.o
 .debug_abbrev  0x000012b0      0x123 MT_least_squares.o
 .debug_abbrev  0x000013d3      0x1db MT_sensirion_sfm3000.o
 .debug_abbrev  0x000015ae      0x112 MT_spi_master.o
 .debug_abbrev  0x000016c0       0xc8 MT_timer.o
 .debug_abbrev  0x00001788      0x184 twi_master.o
 .debug_abbrev  0x0000190c       0x14 C:/Program Files (x86)/Atmel/Studio/7.0/Packs/atmel/ATmega_DFP/1.6.364/gcc/dev/atmega328p/avr5\libatmega328p.a(eerd_byte.o)
 .debug_abbrev  0x00001920       0x14 C:/Program Files (x86)/Atmel/Studio/7.0/Packs/atmel/ATmega_DFP/1.6.364/gcc/dev/atmega328p/avr5\libatmega328p.a(eerd_dword.o)
 .debug_abbrev  0x00001934       0x14 C:/Program Files (x86)/Atmel/Studio/7.0/Packs/atmel/ATmega_DFP/1.6.364/gcc/dev/atmega328p/avr5\libatmega328p.a(eeupd_byte.o)
 .debug_abbrev  0x00001948       0x14 C:/Program Files (x86)/Atmel/Studio/7.0/Packs/atmel/ATmega_DFP/1.6.364/gcc/dev/atmega328p/avr5\libatmega328p.a(eeupd_dword.o)
 .debug_abbrev  0x0000195c       0x14 C:/Program Files (x86)/Atmel/Studio/7.0/Packs/atmel/ATmega_DFP/1.6.364/gcc/dev/atmega328p/avr5\libatmega328p.a(eerd_block.o)

.debug_line     0x00000000     0x32f6
 *(.debug_line .debug_line.* .debug_line_end)
 .debug_line    0x00000000      0x134 C:/Program Files (x86)/Atmel/Studio/7.0/Packs/atmel/ATmega_DFP/1.6.364/gcc/dev/atmega328p/avr5/crtatmega328p.o
 .debug_line    0x00000134      0x184 battery_measurement.o
 .debug_line    0x000002b8      0x1e8 filters.o
 .debug_line    0x000004a0      0x265 fio2_sensor.o
 .debug_line    0x00000705      0x496 fio2_sensor_calibration.o
 .debug_line    0x00000b9b      0x799 high_flow_monitor.o
 .debug_line    0x00001334      0x7c9 lcd_interface.o
 .debug_line    0x00001afd      0x2e0 main.o
 .debug_line    0x00001ddd      0x136 MT_adc.o
 .debug_line    0x00001f13      0x292 MT_cog_lcd.o
 .debug_line    0x000021a5      0x176 mt_debounce.o
 .debug_line    0x0000231b      0x3eb MT_least_squares.o
 .debug_line    0x00002706      0x30b MT_sensirion_sfm3000.o
 .debug_line    0x00002a11      0x179 MT_spi_master.o
 .debug_line    0x00002b8a      0x1b2 MT_timer.o
 .debug_line    0x00002d3c      0x2fc twi_master.o
 .debug_line    0x00003038       0x7a C:/Program Files (x86)/Atmel/Studio/7.0/Packs/atmel/ATmega_DFP/1.6.364/gcc/dev/atmega328p/avr5\libatmega328p.a(eerd_byte.o)
 .debug_line    0x000030b2       0x68 C:/Program Files (x86)/Atmel/Studio/7.0/Packs/atmel/ATmega_DFP/1.6.364/gcc/dev/atmega328p/avr5\libatmega328p.a(eerd_dword.o)
 .debug_line    0x0000311a       0xb6 C:/Program Files (x86)/Atmel/Studio/7.0/Packs/atmel/ATmega_DFP/1.6.364/gcc/dev/atmega328p/avr5\libatmega328p.a(eeupd_byte.o)
 .debug_line    0x000031d0       0x7b C:/Program Files (x86)/Atmel/Studio/7.0/Packs/atmel/ATmega_DFP/1.6.364/gcc/dev/atmega328p/avr5\libatmega328p.a(eeupd_dword.o)
 .debug_line    0x0000324b       0xab C:/Program Files (x86)/Atmel/Studio/7.0/Packs/atmel/ATmega_DFP/1.6.364/gcc/dev/atmega328p/avr5\libatmega328p.a(eerd_block.o)

.debug_frame    0x00000000      0xe54
 *(.debug_frame)
 .debug_frame   0x00000000       0x58 battery_measurement.o
 .debug_frame   0x00000058       0xf0 filters.o
 .debug_frame   0x00000148       0x9c fio2_sensor.o
 .debug_frame   0x000001e4       0xdc fio2_sensor_calibration.o
 .debug_frame   0x000002c0      0x184 high_flow_monitor.o
 .debug_frame   0x00000444      0x348 lcd_interface.o
 .debug_frame   0x0000078c       0x58 main.o
 .debug_frame   0x000007e4       0x50 MT_adc.o
 .debug_frame   0x00000834       0x70 MT_cog_lcd.o
 .debug_frame   0x000008a4       0x74 mt_debounce.o
 .debug_frame   0x00000918      0x31c MT_least_squares.o
 .debug_frame   0x00000c34       0xa8 MT_sensirion_sfm3000.o
 .debug_frame   0x00000cdc       0x44 MT_spi_master.o
 .debug_frame   0x00000d20       0x5c MT_timer.o
 .debug_frame   0x00000d7c       0xd8 twi_master.o

.debug_str      0x00000000     0x28ae
 *(.debug_str)
 .debug_str     0x00000000      0x208 C:/Program Files (x86)/Atmel/Studio/7.0/Packs/atmel/ATmega_DFP/1.6.364/gcc/dev/atmega328p/avr5/crtatmega328p.o
 .debug_str     0x00000208      0x245 battery_measurement.o
                                0x28d (size before relaxing)
 .debug_str     0x0000044d      0x151 filters.o
                                0x307 (size before relaxing)
 .debug_str     0x0000059e      0x1a5 fio2_sensor.o
                                0x3aa (size before relaxing)
 .debug_str     0x00000743      0x594 fio2_sensor_calibration.o
                                0x85c (size before relaxing)
 .debug_str     0x00000cd7      0xe7d high_flow_monitor.o
                               0x1224 (size before relaxing)
 .debug_str     0x00001b54      0x7c2 lcd_interface.o
                                0xc9a (size before relaxing)
 .debug_str     0x00002316       0x88 main.o
                                0x465 (size before relaxing)
 .debug_str     0x0000239e       0x2c MT_adc.o
                                0x507 (size before relaxing)
 .debug_str     0x000023ca       0x6c MT_cog_lcd.o
                                0x2a8 (size before relaxing)
 .debug_str     0x00002436       0x31 mt_debounce.o
                                0x28d (size before relaxing)
 .debug_str     0x00002467      0x173 MT_least_squares.o
                                0x50f (size before relaxing)
 .debug_str     0x000025da      0x18c MT_sensirion_sfm3000.o
                                0x418 (size before relaxing)
 .debug_str     0x00002766       0x78 MT_spi_master.o
                                0x3c4 (size before relaxing)
 .debug_str     0x000027de       0x2e MT_timer.o
                                0x72e (size before relaxing)
 .debug_str     0x0000280c       0xa2 twi_master.o
                                0x2bf (size before relaxing)

.debug_loc      0x00000000     0x28a3
 *(.debug_loc)
 .debug_loc     0x00000000       0x61 battery_measurement.o
 .debug_loc     0x00000061      0x3de filters.o
 .debug_loc     0x0000043f      0x163 fio2_sensor.o
 .debug_loc     0x000005a2      0x4d0 fio2_sensor_calibration.o
 .debug_loc     0x00000a72      0x29a high_flow_monitor.o
 .debug_loc     0x00000d0c      0x467 lcd_interface.o
 .debug_loc     0x00001173      0x11c main.o
 .debug_loc     0x0000128f       0xdf MT_adc.o
 .debug_loc     0x0000136e      0x266 MT_cog_lcd.o
 .debug_loc     0x000015d4       0x9c mt_debounce.o
 .debug_loc     0x00001670      0x9f4 MT_least_squares.o
 .debug_loc     0x00002064      0x332 MT_sensirion_sfm3000.o
 .debug_loc     0x00002396       0x7c MT_spi_master.o
 .debug_loc     0x00002412       0xd6 MT_timer.o
 .debug_loc     0x000024e8      0x3bb twi_master.o

.debug_macinfo
 *(.debug_macinfo)

.debug_weaknames
 *(.debug_weaknames)

.debug_funcnames
 *(.debug_funcnames)

.debug_typenames
 *(.debug_typenames)

.debug_varnames
 *(.debug_varnames)

.debug_pubtypes
 *(.debug_pubtypes)

.debug_ranges   0x00000000      0x4d0
 *(.debug_ranges)
 .debug_ranges  0x00000000       0x20 battery_measurement.o
 .debug_ranges  0x00000020       0x58 filters.o
 .debug_ranges  0x00000078       0x38 fio2_sensor.o
 .debug_ranges  0x000000b0       0x28 fio2_sensor_calibration.o
 .debug_ranges  0x000000d8       0xa0 high_flow_monitor.o
 .debug_ranges  0x00000178      0x160 lcd_interface.o
 .debug_ranges  0x000002d8       0x18 main.o
 .debug_ranges  0x000002f0       0x18 MT_adc.o
 .debug_ranges  0x00000308       0x30 MT_cog_lcd.o
 .debug_ranges  0x00000338       0x38 mt_debounce.o
 .debug_ranges  0x00000370       0x98 MT_least_squares.o
 .debug_ranges  0x00000408       0x40 MT_sensirion_sfm3000.o
 .debug_ranges  0x00000448       0x20 MT_spi_master.o
 .debug_ranges  0x00000468       0x20 MT_timer.o
 .debug_ranges  0x00000488       0x48 twi_master.o

.debug_macro
 *(.debug_macro)
OUTPUT(High_Flow_Monitor.elf elf32-avr)
LOAD linker stubs
